******************************************************************************
               TMS320C6x Linker PC v8.5.0                      
******************************************************************************
>> Linked Sat Mar 28 16:26:17 2026

OUTPUT FILE NAME:   <1.5Mhz_version.out>
ENTRY POINT SYMBOL: "_c_int00"  address: c0000000


MEMORY CONFIGURATION

         name            origin    length      used     unused   attr    fill
----------------------  --------  ---------  --------  --------  ----  --------
  SYSCFG0               01c14000   00001000  00000000  00001000  RWIX
  McBSP1                01d11000   00000800  00000000  00000800  RWIX
  uPP                   01e16000   00001000  00000000  00001000  RWIX
  GPIO                  01e26000   00001000  00000000  00001000  RWIX
  SHDSPL2ROM            11700000   00100000  00000000  00100000  RWIX
  SHDSPL2RAM            11800000   00040000  00000000  00040000  RWIX
  SHDSPL1PRAM           11e00000   00008000  00000000  00008000  RWIX
  SHDSPL1DRAM           11f00000   00008000  00000000  00008000  RWIX
  EMIFACS0              40000000   20000000  00000000  20000000  RWIX
  EMIFACS2              60000000   02000000  00000000  02000000  RWIX
  EMIFACS3              62000000   02000000  00000000  02000000  RWIX
  EMIFACS4              64000000   02000000  00000000  02000000  RWIX
  EMIFACS5              66000000   02000000  00000000  02000000  RWIX
  SHRAM                 80000000   00020000  00000000  00020000  RWIX
  EntryPoint            c0000000   00000800  000000a0  00000760  RWIX
  Vector                c0000800   00000800  00000000  00000800  RWIX
  DDR2                  c0001000   08000000  0000160c  07ffe9f4  RWIX
  ARMROM                fffd0000   00010000  00000000  00010000  RWIX
  ARMRAM                ffff0000   00002000  00000000  00002000  RWIX


SEGMENT ALLOCATION MAP

run origin  load origin   length   init length attrs members
----------  ----------- ---------- ----------- ----- -------
c0000000    c0000000    000000a0   000000a0    r-x
  c0000000    c0000000    000000a0   000000a0    r-x .text:_c_int00
c0001000    c0001000    00001000   00000000    rw-
  c0001000    c0001000    00000800   00000000    rw- .stack
  c0001800    c0001800    00000800   00000000    rw- .sysmem
c0002000    c0002000    000005e0   000005e0    r-x
  c0002000    c0002000    000005e0   000005e0    r-x .text
c00025e0    c00025e0    0000000c   00000000    rw-
  c00025e0    c00025e0    0000000c   00000000    rw- .fardata
c00025f0    c00025f0    00000020   00000020    r--
  c00025f0    c00025f0    00000020   00000020    r-- .cinit


SECTION ALLOCATION MAP

 output                                  attributes/
section   page    origin      length       input sections
--------  ----  ----------  ----------   ----------------
.text:_c_int00 
*          0    c0000000    000000a0     
                  c0000000    00000080     rts6740_elf.lib : boot.c.obj (.text:_c_int00)
                  c0000080    00000010                     : pre_init.c.obj ($Tramp$S$$_system_pre_init)
                  c0000090    00000010                     : autoinit.c.obj ($Tramp$S$$__TI_auto_init_nobinit_nopinit)

.stack     0    c0001000    00000800     UNINITIALIZED
                  c0001000    00000008     rts6740_elf.lib : boot.c.obj (.stack)
                  c0001008    000007f8     --HOLE--

.text      0    c0002000    000005e0     
                  c0002000    00000100     rts6740_elf.lib : copy_decompress_rle.c.obj (.text:__TI_decompress_rle_core)
                  c0002100    000000e0                     : exit.c.obj (.text:exit)
                  c00021e0    000000e0                     : memset.c.obj (.text:memset)
                  c00022c0    000000c0                     : autoinit.c.obj (.text:__TI_auto_init_nobinit_nopinit:__TI_auto_init_nobinit_nopinit)
                  c0002380    000000c0                     : tls.c.obj (.text:tls:init:__TI_tls_init)
                  c0002440    000000a0                     : memcpy64.asm.obj (.text:memcpy)
                  c00024e0    00000040                     : args_main.c.obj (.text:_args_main)
                  c0002520    00000020                     : startup.c.obj (.text:_system_post_cinit)
                  c0002540    00000020                     : pre_init.c.obj (.text:_system_pre_init)
                  c0002560    00000020                     : exit.c.obj (.text:abort)
                  c0002580    00000020                     : copy_decompress_none.c.obj (.text:decompress:none:__TI_decompress_none)
                  c00025a0    00000020                     : copy_decompress_rle.c.obj (.text:decompress:rle24:__TI_decompress_rle24)
                  c00025c0    00000020     main.obj (.text)

.sysmem    0    c0001800    00000800     UNINITIALIZED
                  c0001800    00000010     rts6740_elf.lib : memory.c.obj (.sysmem)
                  c0001810    000007f0     --HOLE--

.cinit     0    c00025f0    00000020     
                  c00025f0    0000000d     (.cinit..fardata.load) [load image, compression = rle]
                  c00025fd    00000003     --HOLE-- [fill = 0]
                  c0002600    00000008     (__TI_handler_table)
                  c0002608    00000008     (__TI_cinit_table)

.init_array 
*          0    c0001000    00000000     UNINITIALIZED

.fardata   0    c00025e0    0000000c     UNINITIALIZED
                  c00025e0    0000000c     rts6740_elf.lib : exit.c.obj (.fardata)

MODULE SUMMARY

       Module                       code   ro data   rw data
       ------                       ----   -------   -------
    .\
       main.obj                     32     0         0      
    +--+----------------------------+------+---------+---------+
       Total:                       32     0         0      
                                                            
    D:\Program Files\ti\ccs831\ti-cgt-c6000_8.5.0.LTS\lib\rts6740_elf.lib
       copy_decompress_rle.c.obj    288    0         0      
       exit.c.obj                   256    0         12     
       memset.c.obj                 224    0         0      
       autoinit.c.obj               208    0         0      
       tls.c.obj                    192    0         0      
       memcpy64.asm.obj             160    0         0      
       boot.c.obj                   128    0         0      
       args_main.c.obj              64     0         0      
       pre_init.c.obj               48     0         0      
       copy_decompress_none.c.obj   32     0         0      
       startup.c.obj                32     0         0      
    +--+----------------------------+------+---------+---------+
       Total:                       1632   0         12     
                                                            
       Heap:                        0      0         2048   
       Stack:                       0      0         2048   
       Linker Generated:            0      29        0      
    +--+----------------------------+------+---------+---------+
       Grand Total:                 1664   29        4108   


LINKER GENERATED COPY TABLES

__TI_cinit_table @ c0002608 records: 1, size/record: 8, table size: 8
	.fardata: load addr=c00025f0, load size=0000000d bytes, run addr=c00025e0, run size=0000000c bytes, compression=rle


LINKER GENERATED HANDLER TABLE

__TI_handler_table @ c0002600 records: 2, size/record: 4, table size: 8
	index: 0, handler: __TI_decompress_rle24
	index: 1, handler: __TI_decompress_none


FAR CALL TRAMPOLINES

callee name               trampoline name
   callee addr  tramp addr   call addr  call info
--------------  -----------  ---------  ----------------
$.text:_system_pre_init:rts6740_elf.lib<pre_init.c.obj>$0x0  $Tramp$S$$_system_pre_init
   c0002540     c0000080     c0000020   rts6740_elf.lib : boot.c.obj (.text:_c_int00)
$.text:__TI_auto_init_nobinit_nopinit:__TI_auto_init_nobinit_nopinit:rts6740_elf.lib<autoinit.c.obj>$0x0  $Tramp$S$$__TI_auto_init_nobinit_nopinit
   c00022c0     c0000090     c0000030   rts6740_elf.lib : boot.c.obj (.text:_c_int00)

[2 trampolines]
[2 trampoline calls]


GLOBAL SYMBOLS: SORTED ALPHABETICALLY BY Name 

address   name                           
-------   ----                           
c0002560  C$$EXIT                        
c0002608  __TI_CINIT_Base                
c0002610  __TI_CINIT_Limit               
c0002610  __TI_CINIT_Warm                
c0002600  __TI_Handler_Table_Base        
c0002608  __TI_Handler_Table_Limit       
c0001800  __TI_STACK_END                 
00000800  __TI_STACK_SIZE                
00000000  __TI_STATIC_BASE               
00000800  __TI_SYSMEM_SIZE               
UNDEFED   __TI_TLS_INIT_Base             
UNDEFED   __TI_TLS_INIT_Limit            
c00022c0  __TI_auto_init_nobinit_nopinit 
c00025e0  __TI_cleanup_ptr               
c0002580  __TI_decompress_none           
c00025a0  __TI_decompress_rle24          
c00025e4  __TI_dtors_ptr                 
c00025e8  __TI_enable_exit_profile_output
ffffffff  __TI_pprof_out_hndl            
ffffffff  __TI_prof_data_size            
ffffffff  __TI_prof_data_start           
c0002380  __TI_tls_init                  
ffffffff  __binit__                      
ffffffff  __c_args__                     
c00024e0  _args_main                     
c0000000  _c_int00                       
c0001000  _stack                         
c0001800  _sys_memory                    
c0002520  _system_post_cinit             
c0002540  _system_pre_init               
c0002560  abort                          
ffffffff  binit                          
c0002100  exit                           
c00025c0  main                           
c0002440  memcpy                         
c00021e0  memset                         


GLOBAL SYMBOLS: SORTED BY Symbol Address 

address   name                           
-------   ----                           
00000000  __TI_STATIC_BASE               
00000800  __TI_STACK_SIZE                
00000800  __TI_SYSMEM_SIZE               
c0000000  _c_int00                       
c0001000  _stack                         
c0001800  __TI_STACK_END                 
c0001800  _sys_memory                    
c0002100  exit                           
c00021e0  memset                         
c00022c0  __TI_auto_init_nobinit_nopinit 
c0002380  __TI_tls_init                  
c0002440  memcpy                         
c00024e0  _args_main                     
c0002520  _system_post_cinit             
c0002540  _system_pre_init               
c0002560  C$$EXIT                        
c0002560  abort                          
c0002580  __TI_decompress_none           
c00025a0  __TI_decompress_rle24          
c00025c0  main                           
c00025e0  __TI_cleanup_ptr               
c00025e4  __TI_dtors_ptr                 
c00025e8  __TI_enable_exit_profile_output
c0002600  __TI_Handler_Table_Base        
c0002608  __TI_CINIT_Base                
c0002608  __TI_Handler_Table_Limit       
c0002610  __TI_CINIT_Limit               
c0002610  __TI_CINIT_Warm                
ffffffff  __TI_pprof_out_hndl            
ffffffff  __TI_prof_data_size            
ffffffff  __TI_prof_data_start           
ffffffff  __binit__                      
ffffffff  __c_args__                     
ffffffff  binit                          
UNDEFED   __TI_TLS_INIT_Base             
UNDEFED   __TI_TLS_INIT_Limit            

[36 symbols]
