<?xml version="1.0" encoding="ISO-8859-1" ?>
<link_info>
   <banner>TMS320C6x Linker PC v8.5.0.LTS</banner>
   <copyright>Copyright (c) 1996-2018 Texas Instruments Incorporated</copyright>
   <command_line>D:\Program Files\ti\ccs831\ti-cgt-c6000_8.5.0.LTS\bin\lnk6x.exe -lC:\\Users\\16857\\AppData\\Local\\Temp\\{40038035-E029-4FF2-809B-C2C5DE186934}</command_line>
   <link_time>0x69c790a9</link_time>
   <link_errors>0x0</link_errors>
   <output_file>D:\Projects\ccs831\1.5Mhz_version\Debug\1.5Mhz_version.out</output_file>
   <entry_point>
      <name>_c_int00</name>
      <address>0xc0000000</address>
   </entry_point>
   <input_file_list>
      <input_file id="fl-2">
         <path>D:\Projects\ccs831\1.5Mhz_version\Debug\.\</path>
         <kind>object</kind>
         <file>adc_process.obj</file>
         <name>adc_process.obj</name>
      </input_file>
      <input_file id="fl-3">
         <path>D:\Projects\ccs831\1.5Mhz_version\Debug\.\</path>
         <kind>object</kind>
         <file>init.obj</file>
         <name>init.obj</name>
      </input_file>
      <input_file id="fl-4">
         <path>D:\Projects\ccs831\1.5Mhz_version\Debug\.\</path>
         <kind>object</kind>
         <file>main.obj</file>
         <name>main.obj</name>
      </input_file>
      <input_file id="fl-5">
         <path>D:\Projects\ccs831\1.5Mhz_version\Debug\.\ad713\</path>
         <kind>object</kind>
         <file>ad713x.obj</file>
         <name>ad713x.obj</name>
      </input_file>
      <input_file id="fl-6">
         <path>D:\Projects\ccs831\1.5Mhz_version\Debug\.\ad713\</path>
         <kind>object</kind>
         <file>iio_ad713x.obj</file>
         <name>iio_ad713x.obj</name>
      </input_file>
      <input_file id="fl-7">
         <path>D:\Projects\ccs831\1.5Mhz_version\Debug\.\ad713\</path>
         <kind>object</kind>
         <file>iio_dual_ad713x.obj</file>
         <name>iio_dual_ad713x.obj</name>
      </input_file>
      <input_file id="fl-8">
         <path>D:\Projects\ccs831\1.5Mhz_version\Debug\.\no_os\</path>
         <kind>object</kind>
         <file>no_os_alloc.obj</file>
         <name>no_os_alloc.obj</name>
      </input_file>
      <input_file id="fl-9">
         <path>D:\Projects\ccs831\1.5Mhz_version\Debug\.\no_os\</path>
         <kind>object</kind>
         <file>no_os_gpio.obj</file>
         <name>no_os_gpio.obj</name>
      </input_file>
      <input_file id="fl-a">
         <path>D:\Projects\ccs831\1.5Mhz_version\Debug\.\no_os\</path>
         <kind>object</kind>
         <file>no_os_mutex.obj</file>
         <name>no_os_mutex.obj</name>
      </input_file>
      <input_file id="fl-b">
         <path>D:\Projects\ccs831\1.5Mhz_version\Debug\.\no_os\</path>
         <kind>object</kind>
         <file>no_os_spi.obj</file>
         <name>no_os_spi.obj</name>
      </input_file>
      <input_file id="fl-c">
         <path>D:\Projects\ccs831\1.5Mhz_version\Debug\.\no_os\</path>
         <kind>object</kind>
         <file>no_os_util.obj</file>
         <name>no_os_util.obj</name>
      </input_file>
      <input_file id="fl-11">
         <path>D:\Projects\ccs831\1.5Mhz_version\Debug\</path>
         <kind>object</kind>
         <file>&lt;internal&gt;</file>
         <name>&lt;internal&gt;</name>
      </input_file>
      <input_file id="fl-12">
         <path>D:\Projects\ccs831\1.5Mhz_version\Debug\..\</path>
         <kind>archive</kind>
         <file>uPP.lib</file>
         <name>uPP.obj</name>
      </input_file>
      <input_file id="fl-2c">
         <path>D:\Program Files\ti\ccs831\ti-cgt-c6000_8.5.0.LTS\lib\</path>
         <kind>archive</kind>
         <file>rts6740_elf.lib</file>
         <name>printf.c.obj</name>
      </input_file>
      <input_file id="fl-2d">
         <path>D:\Program Files\ti\ccs831\ti-cgt-c6000_8.5.0.LTS\lib\</path>
         <kind>archive</kind>
         <file>rts6740_elf.lib</file>
         <name>_printfi.c.obj</name>
      </input_file>
      <input_file id="fl-2e">
         <path>D:\Program Files\ti\ccs831\ti-cgt-c6000_8.5.0.LTS\lib\</path>
         <kind>archive</kind>
         <file>rts6740_elf.lib</file>
         <name>fputc.c.obj</name>
      </input_file>
      <input_file id="fl-2f">
         <path>D:\Program Files\ti\ccs831\ti-cgt-c6000_8.5.0.LTS\lib\</path>
         <kind>archive</kind>
         <file>rts6740_elf.lib</file>
         <name>fputs.c.obj</name>
      </input_file>
      <input_file id="fl-30">
         <path>D:\Program Files\ti\ccs831\ti-cgt-c6000_8.5.0.LTS\lib\</path>
         <kind>archive</kind>
         <file>rts6740_elf.lib</file>
         <name>_io_perm.c.obj</name>
      </input_file>
      <input_file id="fl-31">
         <path>D:\Program Files\ti\ccs831\ti-cgt-c6000_8.5.0.LTS\lib\</path>
         <kind>archive</kind>
         <file>rts6740_elf.lib</file>
         <name>setvbuf.c.obj</name>
      </input_file>
      <input_file id="fl-32">
         <path>D:\Program Files\ti\ccs831\ti-cgt-c6000_8.5.0.LTS\lib\</path>
         <kind>archive</kind>
         <file>rts6740_elf.lib</file>
         <name>push.asm.obj</name>
      </input_file>
      <input_file id="fl-33">
         <path>D:\Program Files\ti\ccs831\ti-cgt-c6000_8.5.0.LTS\lib\</path>
         <kind>archive</kind>
         <file>rts6740_elf.lib</file>
         <name>divu.asm.obj</name>
      </input_file>
      <input_file id="fl-34">
         <path>D:\Program Files\ti\ccs831\ti-cgt-c6000_8.5.0.LTS\lib\</path>
         <kind>archive</kind>
         <file>rts6740_elf.lib</file>
         <name>memcpy64.asm.obj</name>
      </input_file>
      <input_file id="fl-35">
         <path>D:\Program Files\ti\ccs831\ti-cgt-c6000_8.5.0.LTS\lib\</path>
         <kind>archive</kind>
         <file>rts6740_elf.lib</file>
         <name>remu.asm.obj</name>
      </input_file>
      <input_file id="fl-36">
         <path>D:\Program Files\ti\ccs831\ti-cgt-c6000_8.5.0.LTS\lib\</path>
         <kind>archive</kind>
         <file>rts6740_elf.lib</file>
         <name>boot.c.obj</name>
      </input_file>
      <input_file id="fl-37">
         <path>D:\Program Files\ti\ccs831\ti-cgt-c6000_8.5.0.LTS\lib\</path>
         <kind>archive</kind>
         <file>rts6740_elf.lib</file>
         <name>imath40.c.obj</name>
      </input_file>
      <input_file id="fl-38">
         <path>D:\Program Files\ti\ccs831\ti-cgt-c6000_8.5.0.LTS\lib\</path>
         <kind>archive</kind>
         <file>rts6740_elf.lib</file>
         <name>imath64.c.obj</name>
      </input_file>
      <input_file id="fl-39">
         <path>D:\Program Files\ti\ccs831\ti-cgt-c6000_8.5.0.LTS\lib\</path>
         <kind>archive</kind>
         <file>rts6740_elf.lib</file>
         <name>llshift.c.obj</name>
      </input_file>
      <input_file id="fl-3a">
         <path>D:\Program Files\ti\ccs831\ti-cgt-c6000_8.5.0.LTS\lib\</path>
         <kind>archive</kind>
         <file>rts6740_elf.lib</file>
         <name>memset.c.obj</name>
      </input_file>
      <input_file id="fl-3b">
         <path>D:\Program Files\ti\ccs831\ti-cgt-c6000_8.5.0.LTS\lib\</path>
         <kind>archive</kind>
         <file>rts6740_elf.lib</file>
         <name>autoinit.c.obj</name>
      </input_file>
      <input_file id="fl-3c">
         <path>D:\Program Files\ti\ccs831\ti-cgt-c6000_8.5.0.LTS\lib\</path>
         <kind>archive</kind>
         <file>rts6740_elf.lib</file>
         <name>pre_init.c.obj</name>
      </input_file>
      <input_file id="fl-3d">
         <path>D:\Program Files\ti\ccs831\ti-cgt-c6000_8.5.0.LTS\lib\</path>
         <kind>archive</kind>
         <file>rts6740_elf.lib</file>
         <name>startup.c.obj</name>
      </input_file>
      <input_file id="fl-3e">
         <path>D:\Program Files\ti\ccs831\ti-cgt-c6000_8.5.0.LTS\lib\</path>
         <kind>archive</kind>
         <file>rts6740_elf.lib</file>
         <name>cpy_tbl.c.obj</name>
      </input_file>
      <input_file id="fl-3f">
         <path>D:\Program Files\ti\ccs831\ti-cgt-c6000_8.5.0.LTS\lib\</path>
         <kind>archive</kind>
         <file>rts6740_elf.lib</file>
         <name>copy_zero_init.c.obj</name>
      </input_file>
      <input_file id="fl-40">
         <path>D:\Program Files\ti\ccs831\ti-cgt-c6000_8.5.0.LTS\lib\</path>
         <kind>archive</kind>
         <file>rts6740_elf.lib</file>
         <name>copy_decompress_none.c.obj</name>
      </input_file>
      <input_file id="fl-41">
         <path>D:\Program Files\ti\ccs831\ti-cgt-c6000_8.5.0.LTS\lib\</path>
         <kind>archive</kind>
         <file>rts6740_elf.lib</file>
         <name>copy_decompress_rle.c.obj</name>
      </input_file>
      <input_file id="fl-42">
         <path>D:\Program Files\ti\ccs831\ti-cgt-c6000_8.5.0.LTS\lib\</path>
         <kind>archive</kind>
         <file>rts6740_elf.lib</file>
         <name>frexp.c.obj</name>
      </input_file>
      <input_file id="fl-43">
         <path>D:\Program Files\ti\ccs831\ti-cgt-c6000_8.5.0.LTS\lib\</path>
         <kind>archive</kind>
         <file>rts6740_elf.lib</file>
         <name>isinf.c.obj</name>
      </input_file>
      <input_file id="fl-44">
         <path>D:\Program Files\ti\ccs831\ti-cgt-c6000_8.5.0.LTS\lib\</path>
         <kind>archive</kind>
         <file>rts6740_elf.lib</file>
         <name>ldexp.c.obj</name>
      </input_file>
      <input_file id="fl-45">
         <path>D:\Program Files\ti\ccs831\ti-cgt-c6000_8.5.0.LTS\lib\</path>
         <kind>archive</kind>
         <file>rts6740_elf.lib</file>
         <name>signbit.c.obj</name>
      </input_file>
      <input_file id="fl-46">
         <path>D:\Program Files\ti\ccs831\ti-cgt-c6000_8.5.0.LTS\lib\</path>
         <kind>archive</kind>
         <file>rts6740_elf.lib</file>
         <name>divd.c.obj</name>
      </input_file>
      <input_file id="fl-47">
         <path>D:\Program Files\ti\ccs831\ti-cgt-c6000_8.5.0.LTS\lib\</path>
         <kind>archive</kind>
         <file>rts6740_elf.lib</file>
         <name>frcmpyd_div.c.obj</name>
      </input_file>
      <input_file id="fl-48">
         <path>D:\Program Files\ti\ccs831\ti-cgt-c6000_8.5.0.LTS\lib\</path>
         <kind>archive</kind>
         <file>rts6740_elf.lib</file>
         <name>tls.c.obj</name>
      </input_file>
      <input_file id="fl-49">
         <path>D:\Program Files\ti\ccs831\ti-cgt-c6000_8.5.0.LTS\lib\</path>
         <kind>archive</kind>
         <file>rts6740_elf.lib</file>
         <name>exit.c.obj</name>
      </input_file>
      <input_file id="fl-4a">
         <path>D:\Program Files\ti\ccs831\ti-cgt-c6000_8.5.0.LTS\lib\</path>
         <kind>archive</kind>
         <file>rts6740_elf.lib</file>
         <name>_lock.c.obj</name>
      </input_file>
      <input_file id="fl-4b">
         <path>D:\Program Files\ti\ccs831\ti-cgt-c6000_8.5.0.LTS\lib\</path>
         <kind>archive</kind>
         <file>rts6740_elf.lib</file>
         <name>_ltoa.c.obj</name>
      </input_file>
      <input_file id="fl-4c">
         <path>D:\Program Files\ti\ccs831\ti-cgt-c6000_8.5.0.LTS\lib\</path>
         <kind>archive</kind>
         <file>rts6740_elf.lib</file>
         <name>args_main.c.obj</name>
      </input_file>
      <input_file id="fl-4d">
         <path>D:\Program Files\ti\ccs831\ti-cgt-c6000_8.5.0.LTS\lib\</path>
         <kind>archive</kind>
         <file>rts6740_elf.lib</file>
         <name>atoi.c.obj</name>
      </input_file>
      <input_file id="fl-4e">
         <path>D:\Program Files\ti\ccs831\ti-cgt-c6000_8.5.0.LTS\lib\</path>
         <kind>archive</kind>
         <file>rts6740_elf.lib</file>
         <name>ctype.c.obj</name>
      </input_file>
      <input_file id="fl-4f">
         <path>D:\Program Files\ti\ccs831\ti-cgt-c6000_8.5.0.LTS\lib\</path>
         <kind>archive</kind>
         <file>rts6740_elf.lib</file>
         <name>defs.c.obj</name>
      </input_file>
      <input_file id="fl-50">
         <path>D:\Program Files\ti\ccs831\ti-cgt-c6000_8.5.0.LTS\lib\</path>
         <kind>archive</kind>
         <file>rts6740_elf.lib</file>
         <name>memccpy.c.obj</name>
      </input_file>
      <input_file id="fl-51">
         <path>D:\Program Files\ti\ccs831\ti-cgt-c6000_8.5.0.LTS\lib\</path>
         <kind>archive</kind>
         <file>rts6740_elf.lib</file>
         <name>memory.c.obj</name>
      </input_file>
      <input_file id="fl-52">
         <path>D:\Program Files\ti\ccs831\ti-cgt-c6000_8.5.0.LTS\lib\</path>
         <kind>archive</kind>
         <file>rts6740_elf.lib</file>
         <name>strtol.c.obj</name>
      </input_file>
      <input_file id="fl-53">
         <path>D:\Program Files\ti\ccs831\ti-cgt-c6000_8.5.0.LTS\lib\</path>
         <kind>archive</kind>
         <file>rts6740_elf.lib</file>
         <name>strtoul.c.obj</name>
      </input_file>
      <input_file id="fl-54">
         <path>D:\Program Files\ti\ccs831\ti-cgt-c6000_8.5.0.LTS\lib\</path>
         <kind>archive</kind>
         <file>rts6740_elf.lib</file>
         <name>write.c.obj</name>
      </input_file>
      <input_file id="fl-55">
         <path>D:\Program Files\ti\ccs831\ti-cgt-c6000_8.5.0.LTS\lib\</path>
         <kind>archive</kind>
         <file>rts6740_elf.lib</file>
         <name>host_device.c.obj</name>
      </input_file>
      <input_file id="fl-56">
         <path>D:\Program Files\ti\ccs831\ti-cgt-c6000_8.5.0.LTS\lib\</path>
         <kind>archive</kind>
         <file>rts6740_elf.lib</file>
         <name>errno.c.obj</name>
      </input_file>
      <input_file id="fl-57">
         <path>D:\Program Files\ti\ccs831\ti-cgt-c6000_8.5.0.LTS\lib\</path>
         <kind>archive</kind>
         <file>rts6740_elf.lib</file>
         <name>llabs.c.obj</name>
      </input_file>
      <input_file id="fl-58">
         <path>D:\Program Files\ti\ccs831\ti-cgt-c6000_8.5.0.LTS\lib\</path>
         <kind>archive</kind>
         <file>rts6740_elf.lib</file>
         <name>wcslen.c.obj</name>
      </input_file>
      <input_file id="fl-59">
         <path>D:\Program Files\ti\ccs831\ti-cgt-c6000_8.5.0.LTS\lib\</path>
         <kind>archive</kind>
         <file>rts6740_elf.lib</file>
         <name>fflush.c.obj</name>
      </input_file>
      <input_file id="fl-5a">
         <path>D:\Program Files\ti\ccs831\ti-cgt-c6000_8.5.0.LTS\lib\</path>
         <kind>archive</kind>
         <file>rts6740_elf.lib</file>
         <name>fopen.c.obj</name>
      </input_file>
      <input_file id="fl-5b">
         <path>D:\Program Files\ti\ccs831\ti-cgt-c6000_8.5.0.LTS\lib\</path>
         <kind>archive</kind>
         <file>rts6740_elf.lib</file>
         <name>fseek.c.obj</name>
      </input_file>
      <input_file id="fl-5c">
         <path>D:\Program Files\ti\ccs831\ti-cgt-c6000_8.5.0.LTS\lib\</path>
         <kind>archive</kind>
         <file>rts6740_elf.lib</file>
         <name>tls_get_tp.asm.obj</name>
      </input_file>
      <input_file id="fl-5d">
         <path>D:\Program Files\ti\ccs831\ti-cgt-c6000_8.5.0.LTS\lib\</path>
         <kind>archive</kind>
         <file>rts6740_elf.lib</file>
         <name>hostclose.c.obj</name>
      </input_file>
      <input_file id="fl-5e">
         <path>D:\Program Files\ti\ccs831\ti-cgt-c6000_8.5.0.LTS\lib\</path>
         <kind>archive</kind>
         <file>rts6740_elf.lib</file>
         <name>hostlseek.c.obj</name>
      </input_file>
      <input_file id="fl-5f">
         <path>D:\Program Files\ti\ccs831\ti-cgt-c6000_8.5.0.LTS\lib\</path>
         <kind>archive</kind>
         <file>rts6740_elf.lib</file>
         <name>hostopen.c.obj</name>
      </input_file>
      <input_file id="fl-60">
         <path>D:\Program Files\ti\ccs831\ti-cgt-c6000_8.5.0.LTS\lib\</path>
         <kind>archive</kind>
         <file>rts6740_elf.lib</file>
         <name>hostread.c.obj</name>
      </input_file>
      <input_file id="fl-61">
         <path>D:\Program Files\ti\ccs831\ti-cgt-c6000_8.5.0.LTS\lib\</path>
         <kind>archive</kind>
         <file>rts6740_elf.lib</file>
         <name>hostrename.c.obj</name>
      </input_file>
      <input_file id="fl-62">
         <path>D:\Program Files\ti\ccs831\ti-cgt-c6000_8.5.0.LTS\lib\</path>
         <kind>archive</kind>
         <file>rts6740_elf.lib</file>
         <name>hostunlink.c.obj</name>
      </input_file>
      <input_file id="fl-63">
         <path>D:\Program Files\ti\ccs831\ti-cgt-c6000_8.5.0.LTS\lib\</path>
         <kind>archive</kind>
         <file>rts6740_elf.lib</file>
         <name>hostwrite.c.obj</name>
      </input_file>
      <input_file id="fl-64">
         <path>D:\Program Files\ti\ccs831\ti-cgt-c6000_8.5.0.LTS\lib\</path>
         <kind>archive</kind>
         <file>rts6740_elf.lib</file>
         <name>trgmsg.c.obj</name>
      </input_file>
      <input_file id="fl-65">
         <path>D:\Program Files\ti\ccs831\ti-cgt-c6000_8.5.0.LTS\lib\</path>
         <kind>archive</kind>
         <file>rts6740_elf.lib</file>
         <name>open.c.obj</name>
      </input_file>
      <input_file id="fl-66">
         <path>D:\Program Files\ti\ccs831\ti-cgt-c6000_8.5.0.LTS\lib\</path>
         <kind>archive</kind>
         <file>rts6740_elf.lib</file>
         <name>lseek.c.obj</name>
      </input_file>
      <input_file id="fl-67">
         <path>D:\Program Files\ti\ccs831\ti-cgt-c6000_8.5.0.LTS\lib\</path>
         <kind>archive</kind>
         <file>rts6740_elf.lib</file>
         <name>fclose.c.obj</name>
      </input_file>
      <input_file id="fl-68">
         <path>D:\Program Files\ti\ccs831\ti-cgt-c6000_8.5.0.LTS\lib\</path>
         <kind>archive</kind>
         <file>rts6740_elf.lib</file>
         <name>getdevice.c.obj</name>
      </input_file>
      <input_file id="fl-69">
         <path>D:\Program Files\ti\ccs831\ti-cgt-c6000_8.5.0.LTS\lib\</path>
         <kind>archive</kind>
         <file>rts6740_elf.lib</file>
         <name>remove.c.obj</name>
      </input_file>
      <input_file id="fl-6a">
         <path>D:\Program Files\ti\ccs831\ti-cgt-c6000_8.5.0.LTS\lib\</path>
         <kind>archive</kind>
         <file>rts6740_elf.lib</file>
         <name>close.c.obj</name>
      </input_file>
      <input_file id="fl-6b">
         <path>D:\Program Files\ti\ccs831\ti-cgt-c6000_8.5.0.LTS\lib\</path>
         <kind>archive</kind>
         <file>rts6740_elf.lib</file>
         <name>unlink.c.obj</name>
      </input_file>
   </input_file_list>
   <object_component_list>
      <object_component id="oc-2d">
         <name>.text:_c_int00</name>
         <load_address>0xc0000000</load_address>
         <readonly>true</readonly>
         <executable>true</executable>
         <run_address>0xc0000000</run_address>
         <size>0x80</size>
         <alignment>0x20</alignment>
         <input_file_ref idref="fl-36"/>
      </object_component>
      <object_component id="oc-18e">
         <name>$Tramp$S$$_system_pre_init</name>
         <load_address>0xc0000080</load_address>
         <readonly>true</readonly>
         <executable>true</executable>
         <run_address>0xc0000080</run_address>
         <size>0x10</size>
         <alignment>0x10</alignment>
         <input_file_ref idref="fl-3c"/>
      </object_component>
      <object_component id="oc-18f">
         <name>$Tramp$S$$__TI_auto_init_nobinit_nopinit</name>
         <load_address>0xc0000090</load_address>
         <readonly>true</readonly>
         <executable>true</executable>
         <run_address>0xc0000090</run_address>
         <size>0x10</size>
         <alignment>0x10</alignment>
         <input_file_ref idref="fl-3b"/>
      </object_component>
      <object_component id="oc-45">
         <name>.text:__TI_decompress_rle_core</name>
         <load_address>0xc0002000</load_address>
         <readonly>true</readonly>
         <executable>true</executable>
         <run_address>0xc0002000</run_address>
         <size>0x100</size>
         <alignment>0x20</alignment>
         <input_file_ref idref="fl-41"/>
      </object_component>
      <object_component id="oc-63">
         <name>.text:exit</name>
         <load_address>0xc0002100</load_address>
         <readonly>true</readonly>
         <executable>true</executable>
         <run_address>0xc0002100</run_address>
         <size>0xe0</size>
         <alignment>0x20</alignment>
         <input_file_ref idref="fl-49"/>
      </object_component>
      <object_component id="oc-84">
         <name>.text:memset</name>
         <load_address>0xc00021e0</load_address>
         <readonly>true</readonly>
         <executable>true</executable>
         <run_address>0xc00021e0</run_address>
         <size>0xe0</size>
         <alignment>0x20</alignment>
         <input_file_ref idref="fl-3a"/>
      </object_component>
      <object_component id="oc-ac">
         <name>.text:__TI_auto_init_nobinit_nopinit:__TI_auto_init_nobinit_nopinit</name>
         <load_address>0xc00022c0</load_address>
         <readonly>true</readonly>
         <executable>true</executable>
         <run_address>0xc00022c0</run_address>
         <size>0xc0</size>
         <alignment>0x20</alignment>
         <input_file_ref idref="fl-3b"/>
      </object_component>
      <object_component id="oc-10c">
         <name>.text:tls:init:__TI_tls_init</name>
         <load_address>0xc0002380</load_address>
         <readonly>true</readonly>
         <executable>true</executable>
         <run_address>0xc0002380</run_address>
         <size>0xc0</size>
         <alignment>0x20</alignment>
         <input_file_ref idref="fl-48"/>
      </object_component>
      <object_component id="oc-39">
         <name>.text:memcpy</name>
         <load_address>0xc0002440</load_address>
         <readonly>true</readonly>
         <executable>true</executable>
         <run_address>0xc0002440</run_address>
         <size>0xa0</size>
         <alignment>0x20</alignment>
         <input_file_ref idref="fl-34"/>
      </object_component>
      <object_component id="oc-5d">
         <name>.text:_args_main</name>
         <load_address>0xc00024e0</load_address>
         <readonly>true</readonly>
         <executable>true</executable>
         <run_address>0xc00024e0</run_address>
         <size>0x40</size>
         <alignment>0x20</alignment>
         <input_file_ref idref="fl-4c"/>
      </object_component>
      <object_component id="oc-106">
         <name>.text:_system_post_cinit</name>
         <load_address>0xc0002520</load_address>
         <readonly>true</readonly>
         <executable>true</executable>
         <run_address>0xc0002520</run_address>
         <size>0x20</size>
         <alignment>0x20</alignment>
         <input_file_ref idref="fl-3d"/>
      </object_component>
      <object_component id="oc-69">
         <name>.text:_system_pre_init</name>
         <load_address>0xc0002540</load_address>
         <readonly>true</readonly>
         <executable>true</executable>
         <run_address>0xc0002540</run_address>
         <size>0x20</size>
         <alignment>0x20</alignment>
         <input_file_ref idref="fl-3c"/>
      </object_component>
      <object_component id="oc-a3">
         <name>.text:abort</name>
         <load_address>0xc0002560</load_address>
         <readonly>true</readonly>
         <executable>true</executable>
         <run_address>0xc0002560</run_address>
         <size>0x20</size>
         <alignment>0x20</alignment>
         <input_file_ref idref="fl-49"/>
      </object_component>
      <object_component id="oc-20">
         <name>.text:decompress:none:__TI_decompress_none</name>
         <load_address>0xc0002580</load_address>
         <readonly>true</readonly>
         <executable>true</executable>
         <run_address>0xc0002580</run_address>
         <size>0x20</size>
         <alignment>0x20</alignment>
         <input_file_ref idref="fl-40"/>
      </object_component>
      <object_component id="oc-26">
         <name>.text:decompress:rle24:__TI_decompress_rle24</name>
         <load_address>0xc00025a0</load_address>
         <readonly>true</readonly>
         <executable>true</executable>
         <run_address>0xc00025a0</run_address>
         <size>0x20</size>
         <alignment>0x20</alignment>
         <input_file_ref idref="fl-41"/>
      </object_component>
      <object_component id="oc-98">
         <name>.text</name>
         <load_address>0xc00025c0</load_address>
         <readonly>true</readonly>
         <executable>true</executable>
         <run_address>0xc00025c0</run_address>
         <size>0x20</size>
         <alignment>0x20</alignment>
         <input_file_ref idref="fl-4"/>
      </object_component>
      <object_component id="oc-33">
         <name>.stack</name>
         <uninitialized>true</uninitialized>
         <readwrite>true</readwrite>
         <run_address>0xc0001000</run_address>
         <size>0x8</size>
         <alignment>0x8</alignment>
         <input_file_ref idref="fl-36"/>
      </object_component>
      <object_component id="oc-18c">
         <name>.stack</name>
         <uninitialized>true</uninitialized>
         <readwrite>true</readwrite>
         <run_address>0xc0001000</run_address>
         <size>0x0</size>
         <alignment>0x8</alignment>
      </object_component>
      <object_component id="oc-36">
         <name>.sysmem</name>
         <uninitialized>true</uninitialized>
         <readwrite>true</readwrite>
         <run_address>0xc0001800</run_address>
         <size>0x10</size>
         <alignment>0x8</alignment>
         <input_file_ref idref="fl-51"/>
      </object_component>
      <object_component id="oc-18d">
         <name>.sysmem</name>
         <uninitialized>true</uninitialized>
         <readwrite>true</readwrite>
         <run_address>0xc0001800</run_address>
         <size>0x0</size>
         <alignment>0x8</alignment>
      </object_component>
      <object_component id="oc-18b">
         <name>.cinit..fardata.load</name>
         <load_address>0xc00025f0</load_address>
         <readonly>true</readonly>
         <run_address>0xc00025f0</run_address>
         <size>0xd</size>
         <alignment>0x1</alignment>
      </object_component>
      <object_component id="oc-189">
         <name>__TI_handler_table</name>
         <load_address>0xc0002600</load_address>
         <readonly>true</readonly>
         <run_address>0xc0002600</run_address>
         <size>0x8</size>
         <alignment>0x4</alignment>
      </object_component>
      <object_component id="oc-18a">
         <name>__TI_cinit_table</name>
         <load_address>0xc0002608</load_address>
         <readonly>true</readonly>
         <run_address>0xc0002608</run_address>
         <size>0x8</size>
         <alignment>0x8</alignment>
      </object_component>
      <object_component id="oc-a0">
         <name>.fardata</name>
         <load_address>0xc00025e0</load_address>
         <readwrite>true</readwrite>
         <run_address>0xc00025e0</run_address>
         <size>0xc</size>
         <alignment>0x4</alignment>
         <input_file_ref idref="fl-49"/>
      </object_component>
      <object_component id="oc-7f">
         <name>.debug_info</name>
         <load_address>0x0</load_address>
         <run_address>0x0</run_address>
         <size>0xc0</size>
         <alignment>0x0</alignment>
         <input_file_ref idref="fl-2"/>
      </object_component>
      <object_component id="oc-9a">
         <name>.debug_info</name>
         <load_address>0xc0</load_address>
         <run_address>0xc0</run_address>
         <size>0xe6</size>
         <alignment>0x0</alignment>
         <input_file_ref idref="fl-4"/>
      </object_component>
      <object_component id="oc-128">
         <name>.debug_info</name>
         <load_address>0x1a6</load_address>
         <run_address>0x1a6</run_address>
         <size>0xc7</size>
         <alignment>0x0</alignment>
         <input_file_ref idref="fl-5"/>
      </object_component>
      <object_component id="oc-ec">
         <name>.debug_info</name>
         <load_address>0x26d</load_address>
         <run_address>0x26d</run_address>
         <size>0x2c</size>
         <alignment>0x0</alignment>
         <input_file_ref idref="fl-c"/>
      </object_component>
      <object_component id="oc-3c">
         <name>.debug_info</name>
         <load_address>0x299</load_address>
         <run_address>0x299</run_address>
         <size>0x10d</size>
         <alignment>0x0</alignment>
         <input_file_ref idref="fl-34"/>
      </object_component>
      <object_component id="oc-73">
         <name>.debug_info</name>
         <load_address>0x3a6</load_address>
         <run_address>0x3a6</run_address>
         <size>0x5ca</size>
         <alignment>0x0</alignment>
         <input_file_ref idref="fl-36"/>
      </object_component>
      <object_component id="oc-34">
         <name>.debug_info</name>
         <load_address>0x970</load_address>
         <run_address>0x970</run_address>
         <size>0xe1</size>
         <alignment>0x0</alignment>
         <input_file_ref idref="fl-36"/>
      </object_component>
      <object_component id="oc-30">
         <name>.debug_info</name>
         <load_address>0xa51</load_address>
         <run_address>0xa51</run_address>
         <size>0x169</size>
         <alignment>0x0</alignment>
         <input_file_ref idref="fl-36"/>
      </object_component>
      <object_component id="oc-eb">
         <name>.debug_info</name>
         <load_address>0xbba</load_address>
         <run_address>0xbba</run_address>
         <size>0x54f</size>
         <alignment>0x0</alignment>
         <input_file_ref idref="fl-3a"/>
      </object_component>
      <object_component id="oc-85">
         <name>.debug_info</name>
         <load_address>0x1109</load_address>
         <run_address>0x1109</run_address>
         <size>0x215</size>
         <alignment>0x0</alignment>
         <input_file_ref idref="fl-3a"/>
      </object_component>
      <object_component id="oc-113">
         <name>.debug_info</name>
         <load_address>0x131e</load_address>
         <run_address>0x131e</run_address>
         <size>0x7af</size>
         <alignment>0x0</alignment>
         <input_file_ref idref="fl-3b"/>
      </object_component>
      <object_component id="oc-b0">
         <name>.debug_info</name>
         <load_address>0x1acd</load_address>
         <run_address>0x1acd</run_address>
         <size>0x19b</size>
         <alignment>0x0</alignment>
         <input_file_ref idref="fl-3b"/>
      </object_component>
      <object_component id="oc-134">
         <name>.debug_info</name>
         <load_address>0x1c68</load_address>
         <run_address>0x1c68</run_address>
         <size>0x39</size>
         <alignment>0x0</alignment>
         <input_file_ref idref="fl-3b"/>
      </object_component>
      <object_component id="oc-140">
         <name>.debug_info</name>
         <load_address>0x1ca1</load_address>
         <run_address>0x1ca1</run_address>
         <size>0x39</size>
         <alignment>0x0</alignment>
         <input_file_ref idref="fl-3b"/>
      </object_component>
      <object_component id="oc-11e">
         <name>.debug_info</name>
         <load_address>0x1cda</load_address>
         <run_address>0x1cda</run_address>
         <size>0x39</size>
         <alignment>0x0</alignment>
         <input_file_ref idref="fl-3b"/>
      </object_component>
      <object_component id="oc-139">
         <name>.debug_info</name>
         <load_address>0x1d13</load_address>
         <run_address>0x1d13</run_address>
         <size>0xcd</size>
         <alignment>0x0</alignment>
         <input_file_ref idref="fl-3b"/>
      </object_component>
      <object_component id="oc-6b">
         <name>.debug_info</name>
         <load_address>0x1de0</load_address>
         <run_address>0x1de0</run_address>
         <size>0x134</size>
         <alignment>0x0</alignment>
         <input_file_ref idref="fl-3c"/>
      </object_component>
      <object_component id="oc-109">
         <name>.debug_info</name>
         <load_address>0x1f14</load_address>
         <run_address>0x1f14</run_address>
         <size>0x131</size>
         <alignment>0x0</alignment>
         <input_file_ref idref="fl-3d"/>
      </object_component>
      <object_component id="oc-44">
         <name>.debug_info</name>
         <load_address>0x2045</load_address>
         <run_address>0x2045</run_address>
         <size>0x558</size>
         <alignment>0x0</alignment>
         <input_file_ref idref="fl-40"/>
      </object_component>
      <object_component id="oc-21">
         <name>.debug_info</name>
         <load_address>0x259d</load_address>
         <run_address>0x259d</run_address>
         <size>0x1b8</size>
         <alignment>0x0</alignment>
         <input_file_ref idref="fl-40"/>
      </object_component>
      <object_component id="oc-3f">
         <name>.debug_info</name>
         <load_address>0x2755</load_address>
         <run_address>0x2755</run_address>
         <size>0x46</size>
         <alignment>0x0</alignment>
         <input_file_ref idref="fl-40"/>
      </object_component>
      <object_component id="oc-78">
         <name>.debug_info</name>
         <load_address>0x279b</load_address>
         <run_address>0x279b</run_address>
         <size>0x2c</size>
         <alignment>0x0</alignment>
         <input_file_ref idref="fl-40"/>
      </object_component>
      <object_component id="oc-8b">
         <name>.debug_info</name>
         <load_address>0x27c7</load_address>
         <run_address>0x27c7</run_address>
         <size>0x589</size>
         <alignment>0x0</alignment>
         <input_file_ref idref="fl-41"/>
      </object_component>
      <object_component id="oc-46">
         <name>.debug_info</name>
         <load_address>0x2d50</load_address>
         <run_address>0x2d50</run_address>
         <size>0x240</size>
         <alignment>0x0</alignment>
         <input_file_ref idref="fl-41"/>
      </object_component>
      <object_component id="oc-27">
         <name>.debug_info</name>
         <load_address>0x2f90</load_address>
         <run_address>0x2f90</run_address>
         <size>0x19d</size>
         <alignment>0x0</alignment>
         <input_file_ref idref="fl-41"/>
      </object_component>
      <object_component id="oc-4c">
         <name>.debug_info</name>
         <load_address>0x312d</load_address>
         <run_address>0x312d</run_address>
         <size>0x46</size>
         <alignment>0x0</alignment>
         <input_file_ref idref="fl-41"/>
      </object_component>
      <object_component id="oc-f3">
         <name>.debug_info</name>
         <load_address>0x3173</load_address>
         <run_address>0x3173</run_address>
         <size>0x39</size>
         <alignment>0x0</alignment>
         <input_file_ref idref="fl-41"/>
      </object_component>
      <object_component id="oc-8c">
         <name>.debug_info</name>
         <load_address>0x31ac</load_address>
         <run_address>0x31ac</run_address>
         <size>0x2c</size>
         <alignment>0x0</alignment>
         <input_file_ref idref="fl-41"/>
      </object_component>
      <object_component id="oc-131">
         <name>.debug_info</name>
         <load_address>0x31d8</load_address>
         <run_address>0x31d8</run_address>
         <size>0x6e5</size>
         <alignment>0x0</alignment>
         <input_file_ref idref="fl-48"/>
      </object_component>
      <object_component id="oc-10d">
         <name>.debug_info</name>
         <load_address>0x38bd</load_address>
         <run_address>0x38bd</run_address>
         <size>0x1fb</size>
         <alignment>0x0</alignment>
         <input_file_ref idref="fl-48"/>
      </object_component>
      <object_component id="oc-147">
         <name>.debug_info</name>
         <load_address>0x3ab8</load_address>
         <run_address>0x3ab8</run_address>
         <size>0x2c</size>
         <alignment>0x0</alignment>
         <input_file_ref idref="fl-48"/>
      </object_component>
      <object_component id="oc-14c">
         <name>.debug_info</name>
         <load_address>0x3ae4</load_address>
         <run_address>0x3ae4</run_address>
         <size>0x39</size>
         <alignment>0x0</alignment>
         <input_file_ref idref="fl-48"/>
      </object_component>
      <object_component id="oc-aa">
         <name>.debug_info</name>
         <load_address>0x3b1d</load_address>
         <run_address>0x3b1d</run_address>
         <size>0x587</size>
         <alignment>0x0</alignment>
         <input_file_ref idref="fl-49"/>
      </object_component>
      <object_component id="oc-a1">
         <name>.debug_info</name>
         <load_address>0x40a4</load_address>
         <run_address>0x40a4</run_address>
         <size>0x171</size>
         <alignment>0x0</alignment>
         <input_file_ref idref="fl-49"/>
      </object_component>
      <object_component id="oc-a4">
         <name>.debug_info</name>
         <load_address>0x4215</load_address>
         <run_address>0x4215</run_address>
         <size>0x103</size>
         <alignment>0x0</alignment>
         <input_file_ref idref="fl-49"/>
      </object_component>
      <object_component id="oc-66">
         <name>.debug_info</name>
         <load_address>0x4318</load_address>
         <run_address>0x4318</run_address>
         <size>0x163</size>
         <alignment>0x0</alignment>
         <input_file_ref idref="fl-49"/>
      </object_component>
      <object_component id="oc-9f">
         <name>.debug_info</name>
         <load_address>0x447b</load_address>
         <run_address>0x447b</run_address>
         <size>0x594</size>
         <alignment>0x0</alignment>
         <input_file_ref idref="fl-4c"/>
      </object_component>
      <object_component id="oc-60">
         <name>.debug_info</name>
         <load_address>0x4a0f</load_address>
         <run_address>0x4a0f</run_address>
         <size>0x153</size>
         <alignment>0x0</alignment>
         <input_file_ref idref="fl-4c"/>
      </object_component>
      <object_component id="oc-fc">
         <name>.debug_info</name>
         <load_address>0x4b62</load_address>
         <run_address>0x4b62</run_address>
         <size>0x5e</size>
         <alignment>0x0</alignment>
         <input_file_ref idref="fl-4c"/>
      </object_component>
      <object_component id="oc-76">
         <name>.debug_info</name>
         <load_address>0x4bc0</load_address>
         <run_address>0x4bc0</run_address>
         <size>0x60d</size>
         <alignment>0x0</alignment>
         <input_file_ref idref="fl-51"/>
      </object_component>
      <object_component id="oc-37">
         <name>.debug_info</name>
         <load_address>0x51cd</load_address>
         <run_address>0x51cd</run_address>
         <size>0xed</size>
         <alignment>0x0</alignment>
         <input_file_ref idref="fl-51"/>
      </object_component>
      <object_component id="oc-e5">
         <name>.debug_info</name>
         <load_address>0x52ba</load_address>
         <run_address>0x52ba</run_address>
         <size>0xb2</size>
         <alignment>0x0</alignment>
         <input_file_ref idref="fl-51"/>
      </object_component>
      <object_component id="oc-e0">
         <name>.debug_info</name>
         <load_address>0x536c</load_address>
         <run_address>0x536c</run_address>
         <size>0x2c</size>
         <alignment>0x0</alignment>
         <input_file_ref idref="fl-51"/>
      </object_component>
      <object_component id="oc-194">
         <name>.debug_info</name>
         <load_address>0x5398</load_address>
         <run_address>0x5398</run_address>
         <size>0x139</size>
         <alignment>0x0</alignment>
      </object_component>
      <object_component id="oc-81">
         <name>.debug_line</name>
         <load_address>0x0</load_address>
         <run_address>0x0</run_address>
         <size>0x20</size>
         <alignment>0x0</alignment>
         <input_file_ref idref="fl-2"/>
      </object_component>
      <object_component id="oc-9d">
         <name>.debug_line</name>
         <load_address>0x20</load_address>
         <run_address>0x20</run_address>
         <size>0x40</size>
         <alignment>0x0</alignment>
         <input_file_ref idref="fl-4"/>
      </object_component>
      <object_component id="oc-12a">
         <name>.debug_line</name>
         <load_address>0x60</load_address>
         <run_address>0x60</run_address>
         <size>0x20</size>
         <alignment>0x0</alignment>
         <input_file_ref idref="fl-5"/>
      </object_component>
      <object_component id="oc-ee">
         <name>.debug_line</name>
         <load_address>0x80</load_address>
         <run_address>0x80</run_address>
         <size>0x66</size>
         <alignment>0x0</alignment>
         <input_file_ref idref="fl-c"/>
      </object_component>
      <object_component id="oc-3b">
         <name>.debug_line</name>
         <load_address>0xe6</load_address>
         <run_address>0xe6</run_address>
         <size>0x4e</size>
         <alignment>0x0</alignment>
         <input_file_ref idref="fl-34"/>
      </object_component>
      <object_component id="oc-dd">
         <name>.debug_line</name>
         <load_address>0x134</load_address>
         <run_address>0x134</run_address>
         <size>0x48</size>
         <alignment>0x0</alignment>
         <input_file_ref idref="fl-36"/>
      </object_component>
      <object_component id="oc-72">
         <name>.debug_line</name>
         <load_address>0x17c</load_address>
         <run_address>0x17c</run_address>
         <size>0x2a</size>
         <alignment>0x0</alignment>
         <input_file_ref idref="fl-36"/>
      </object_component>
      <object_component id="oc-2f">
         <name>.debug_line</name>
         <load_address>0x1a6</load_address>
         <run_address>0x1a6</run_address>
         <size>0x5a</size>
         <alignment>0x0</alignment>
         <input_file_ref idref="fl-36"/>
      </object_component>
      <object_component id="oc-127">
         <name>.debug_line</name>
         <load_address>0x200</load_address>
         <run_address>0x200</run_address>
         <size>0x20</size>
         <alignment>0x0</alignment>
         <input_file_ref idref="fl-3a"/>
      </object_component>
      <object_component id="oc-89">
         <name>.debug_line</name>
         <load_address>0x220</load_address>
         <run_address>0x220</run_address>
         <size>0x65</size>
         <alignment>0x0</alignment>
         <input_file_ref idref="fl-3a"/>
      </object_component>
      <object_component id="oc-133">
         <name>.debug_line</name>
         <load_address>0x285</load_address>
         <run_address>0x285</run_address>
         <size>0xa9</size>
         <alignment>0x0</alignment>
         <input_file_ref idref="fl-3b"/>
      </object_component>
      <object_component id="oc-af">
         <name>.debug_line</name>
         <load_address>0x32e</load_address>
         <run_address>0x32e</run_address>
         <size>0x8e</size>
         <alignment>0x0</alignment>
         <input_file_ref idref="fl-3b"/>
      </object_component>
      <object_component id="oc-136">
         <name>.debug_line</name>
         <load_address>0x3bc</load_address>
         <run_address>0x3bc</run_address>
         <size>0x2e</size>
         <alignment>0x0</alignment>
         <input_file_ref idref="fl-3b"/>
      </object_component>
      <object_component id="oc-142">
         <name>.debug_line</name>
         <load_address>0x3ea</load_address>
         <run_address>0x3ea</run_address>
         <size>0x84</size>
         <alignment>0x0</alignment>
         <input_file_ref idref="fl-3b"/>
      </object_component>
      <object_component id="oc-120">
         <name>.debug_line</name>
         <load_address>0x46e</load_address>
         <run_address>0x46e</run_address>
         <size>0x81</size>
         <alignment>0x0</alignment>
         <input_file_ref idref="fl-3b"/>
      </object_component>
      <object_component id="oc-13b">
         <name>.debug_line</name>
         <load_address>0x4ef</load_address>
         <run_address>0x4ef</run_address>
         <size>0x7d</size>
         <alignment>0x0</alignment>
         <input_file_ref idref="fl-3b"/>
      </object_component>
      <object_component id="oc-6a">
         <name>.debug_line</name>
         <load_address>0x56c</load_address>
         <run_address>0x56c</run_address>
         <size>0x40</size>
         <alignment>0x0</alignment>
         <input_file_ref idref="fl-3c"/>
      </object_component>
      <object_component id="oc-10b">
         <name>.debug_line</name>
         <load_address>0x5ac</load_address>
         <run_address>0x5ac</run_address>
         <size>0x3b</size>
         <alignment>0x0</alignment>
         <input_file_ref idref="fl-3d"/>
      </object_component>
      <object_component id="oc-7e">
         <name>.debug_line</name>
         <load_address>0x5e7</load_address>
         <run_address>0x5e7</run_address>
         <size>0x20</size>
         <alignment>0x0</alignment>
         <input_file_ref idref="fl-40"/>
      </object_component>
      <object_component id="oc-25">
         <name>.debug_line</name>
         <load_address>0x607</load_address>
         <run_address>0x607</run_address>
         <size>0x53</size>
         <alignment>0x0</alignment>
         <input_file_ref idref="fl-40"/>
      </object_component>
      <object_component id="oc-41">
         <name>.debug_line</name>
         <load_address>0x65a</load_address>
         <run_address>0x65a</run_address>
         <size>0x3a</size>
         <alignment>0x0</alignment>
         <input_file_ref idref="fl-40"/>
      </object_component>
      <object_component id="oc-7a">
         <name>.debug_line</name>
         <load_address>0x694</load_address>
         <run_address>0x694</run_address>
         <size>0x7c</size>
         <alignment>0x0</alignment>
         <input_file_ref idref="fl-40"/>
      </object_component>
      <object_component id="oc-f2">
         <name>.debug_line</name>
         <load_address>0x710</load_address>
         <run_address>0x710</run_address>
         <size>0x7c</size>
         <alignment>0x0</alignment>
         <input_file_ref idref="fl-41"/>
      </object_component>
      <object_component id="oc-4a">
         <name>.debug_line</name>
         <load_address>0x78c</load_address>
         <run_address>0x78c</run_address>
         <size>0xbc</size>
         <alignment>0x0</alignment>
         <input_file_ref idref="fl-41"/>
      </object_component>
      <object_component id="oc-2a">
         <name>.debug_line</name>
         <load_address>0x848</load_address>
         <run_address>0x848</run_address>
         <size>0x49</size>
         <alignment>0x0</alignment>
         <input_file_ref idref="fl-41"/>
      </object_component>
      <object_component id="oc-4e">
         <name>.debug_line</name>
         <load_address>0x891</load_address>
         <run_address>0x891</run_address>
         <size>0x39</size>
         <alignment>0x0</alignment>
         <input_file_ref idref="fl-41"/>
      </object_component>
      <object_component id="oc-f5">
         <name>.debug_line</name>
         <load_address>0x8ca</load_address>
         <run_address>0x8ca</run_address>
         <size>0x84</size>
         <alignment>0x0</alignment>
         <input_file_ref idref="fl-41"/>
      </object_component>
      <object_component id="oc-8e">
         <name>.debug_line</name>
         <load_address>0x94e</load_address>
         <run_address>0x94e</run_address>
         <size>0x80</size>
         <alignment>0x0</alignment>
         <input_file_ref idref="fl-41"/>
      </object_component>
      <object_component id="oc-146">
         <name>.debug_line</name>
         <load_address>0x9ce</load_address>
         <run_address>0x9ce</run_address>
         <size>0x29</size>
         <alignment>0x0</alignment>
         <input_file_ref idref="fl-48"/>
      </object_component>
      <object_component id="oc-110">
         <name>.debug_line</name>
         <load_address>0x9f7</load_address>
         <run_address>0x9f7</run_address>
         <size>0x7b</size>
         <alignment>0x0</alignment>
         <input_file_ref idref="fl-48"/>
      </object_component>
      <object_component id="oc-149">
         <name>.debug_line</name>
         <load_address>0xa72</load_address>
         <run_address>0xa72</run_address>
         <size>0x29</size>
         <alignment>0x0</alignment>
         <input_file_ref idref="fl-48"/>
      </object_component>
      <object_component id="oc-14e">
         <name>.debug_line</name>
         <load_address>0xa9b</load_address>
         <run_address>0xa9b</run_address>
         <size>0x7c</size>
         <alignment>0x0</alignment>
         <input_file_ref idref="fl-48"/>
      </object_component>
      <object_component id="oc-105">
         <name>.debug_line</name>
         <load_address>0xb17</load_address>
         <run_address>0xb17</run_address>
         <size>0x7b</size>
         <alignment>0x0</alignment>
         <input_file_ref idref="fl-49"/>
      </object_component>
      <object_component id="oc-102">
         <name>.debug_line</name>
         <load_address>0xb92</load_address>
         <run_address>0xb92</run_address>
         <size>0x2a</size>
         <alignment>0x0</alignment>
         <input_file_ref idref="fl-49"/>
      </object_component>
      <object_component id="oc-a7">
         <name>.debug_line</name>
         <load_address>0xbbc</load_address>
         <run_address>0xbbc</run_address>
         <size>0x3a</size>
         <alignment>0x0</alignment>
         <input_file_ref idref="fl-49"/>
      </object_component>
      <object_component id="oc-65">
         <name>.debug_line</name>
         <load_address>0xbf6</load_address>
         <run_address>0xbf6</run_address>
         <size>0x85</size>
         <alignment>0x0</alignment>
         <input_file_ref idref="fl-49"/>
      </object_component>
      <object_component id="oc-fb">
         <name>.debug_line</name>
         <load_address>0xc7b</load_address>
         <run_address>0xc7b</run_address>
         <size>0x2f</size>
         <alignment>0x0</alignment>
         <input_file_ref idref="fl-4c"/>
      </object_component>
      <object_component id="oc-5e">
         <name>.debug_line</name>
         <load_address>0xcaa</load_address>
         <run_address>0xcaa</run_address>
         <size>0x4e</size>
         <alignment>0x0</alignment>
         <input_file_ref idref="fl-4c"/>
      </object_component>
      <object_component id="oc-fe">
         <name>.debug_line</name>
         <load_address>0xcf8</load_address>
         <run_address>0xcf8</run_address>
         <size>0x2f</size>
         <alignment>0x0</alignment>
         <input_file_ref idref="fl-4c"/>
      </object_component>
      <object_component id="oc-df">
         <name>.debug_line</name>
         <load_address>0xd27</load_address>
         <run_address>0xd27</run_address>
         <size>0xe3</size>
         <alignment>0x0</alignment>
         <input_file_ref idref="fl-51"/>
      </object_component>
      <object_component id="oc-75">
         <name>.debug_line</name>
         <load_address>0xe0a</load_address>
         <run_address>0xe0a</run_address>
         <size>0x2c</size>
         <alignment>0x0</alignment>
         <input_file_ref idref="fl-51"/>
      </object_component>
      <object_component id="oc-e7">
         <name>.debug_line</name>
         <load_address>0xe36</load_address>
         <run_address>0xe36</run_address>
         <size>0x2c</size>
         <alignment>0x0</alignment>
         <input_file_ref idref="fl-51"/>
      </object_component>
      <object_component id="oc-e2">
         <name>.debug_line</name>
         <load_address>0xe62</load_address>
         <run_address>0xe62</run_address>
         <size>0x7c</size>
         <alignment>0x0</alignment>
         <input_file_ref idref="fl-51"/>
      </object_component>
      <object_component id="oc-82">
         <name>.debug_abbrev</name>
         <load_address>0x0</load_address>
         <run_address>0x0</run_address>
         <size>0x2e</size>
         <alignment>0x0</alignment>
         <input_file_ref idref="fl-2"/>
      </object_component>
      <object_component id="oc-f9">
         <name>.debug_abbrev</name>
         <load_address>0x2e</load_address>
         <run_address>0x2e</run_address>
         <size>0x52</size>
         <alignment>0x0</alignment>
         <input_file_ref idref="fl-4"/>
      </object_component>
      <object_component id="oc-12b">
         <name>.debug_abbrev</name>
         <load_address>0x80</load_address>
         <run_address>0x80</run_address>
         <size>0x2e</size>
         <alignment>0x0</alignment>
         <input_file_ref idref="fl-5"/>
      </object_component>
      <object_component id="oc-ef">
         <name>.debug_abbrev</name>
         <load_address>0xae</load_address>
         <run_address>0xae</run_address>
         <size>0x24</size>
         <alignment>0x0</alignment>
         <input_file_ref idref="fl-c"/>
      </object_component>
      <object_component id="oc-77">
         <name>.debug_abbrev</name>
         <load_address>0xd2</load_address>
         <run_address>0xd2</run_address>
         <size>0x3e</size>
         <alignment>0x0</alignment>
         <input_file_ref idref="fl-34"/>
      </object_component>
      <object_component id="oc-dc">
         <name>.debug_abbrev</name>
         <load_address>0x110</load_address>
         <run_address>0x110</run_address>
         <size>0x79</size>
         <alignment>0x0</alignment>
         <input_file_ref idref="fl-36"/>
      </object_component>
      <object_component id="oc-71">
         <name>.debug_abbrev</name>
         <load_address>0x189</load_address>
         <run_address>0x189</run_address>
         <size>0x29</size>
         <alignment>0x0</alignment>
         <input_file_ref idref="fl-36"/>
      </object_component>
      <object_component id="oc-70">
         <name>.debug_abbrev</name>
         <load_address>0x1b2</load_address>
         <run_address>0x1b2</run_address>
         <size>0x69</size>
         <alignment>0x0</alignment>
         <input_file_ref idref="fl-36"/>
      </object_component>
      <object_component id="oc-126">
         <name>.debug_abbrev</name>
         <load_address>0x21b</load_address>
         <run_address>0x21b</run_address>
         <size>0x3c</size>
         <alignment>0x0</alignment>
         <input_file_ref idref="fl-3a"/>
      </object_component>
      <object_component id="oc-ea">
         <name>.debug_abbrev</name>
         <load_address>0x257</load_address>
         <run_address>0x257</run_address>
         <size>0x71</size>
         <alignment>0x0</alignment>
         <input_file_ref idref="fl-3a"/>
      </object_component>
      <object_component id="oc-132">
         <name>.debug_abbrev</name>
         <load_address>0x2c8</load_address>
         <run_address>0x2c8</run_address>
         <size>0xc0</size>
         <alignment>0x0</alignment>
         <input_file_ref idref="fl-3b"/>
      </object_component>
      <object_component id="oc-112">
         <name>.debug_abbrev</name>
         <load_address>0x388</load_address>
         <run_address>0x388</run_address>
         <size>0x7e</size>
         <alignment>0x0</alignment>
         <input_file_ref idref="fl-3b"/>
      </object_component>
      <object_component id="oc-137">
         <name>.debug_abbrev</name>
         <load_address>0x406</load_address>
         <run_address>0x406</run_address>
         <size>0x24</size>
         <alignment>0x0</alignment>
         <input_file_ref idref="fl-3b"/>
      </object_component>
      <object_component id="oc-143">
         <name>.debug_abbrev</name>
         <load_address>0x42a</load_address>
         <run_address>0x42a</run_address>
         <size>0x24</size>
         <alignment>0x0</alignment>
         <input_file_ref idref="fl-3b"/>
      </object_component>
      <object_component id="oc-121">
         <name>.debug_abbrev</name>
         <load_address>0x44e</load_address>
         <run_address>0x44e</run_address>
         <size>0x24</size>
         <alignment>0x0</alignment>
         <input_file_ref idref="fl-3b"/>
      </object_component>
      <object_component id="oc-13c">
         <name>.debug_abbrev</name>
         <load_address>0x472</load_address>
         <run_address>0x472</run_address>
         <size>0x4b</size>
         <alignment>0x0</alignment>
         <input_file_ref idref="fl-3b"/>
      </object_component>
      <object_component id="oc-ab">
         <name>.debug_abbrev</name>
         <load_address>0x4bd</load_address>
         <run_address>0x4bd</run_address>
         <size>0x55</size>
         <alignment>0x0</alignment>
         <input_file_ref idref="fl-3c"/>
      </object_component>
      <object_component id="oc-12f">
         <name>.debug_abbrev</name>
         <load_address>0x512</load_address>
         <run_address>0x512</run_address>
         <size>0x53</size>
         <alignment>0x0</alignment>
         <input_file_ref idref="fl-3d"/>
      </object_component>
      <object_component id="oc-7d">
         <name>.debug_abbrev</name>
         <load_address>0x565</load_address>
         <run_address>0x565</run_address>
         <size>0x37</size>
         <alignment>0x0</alignment>
         <input_file_ref idref="fl-40"/>
      </object_component>
      <object_component id="oc-3e">
         <name>.debug_abbrev</name>
         <load_address>0x59c</load_address>
         <run_address>0x59c</run_address>
         <size>0x74</size>
         <alignment>0x0</alignment>
         <input_file_ref idref="fl-40"/>
      </object_component>
      <object_component id="oc-42">
         <name>.debug_abbrev</name>
         <load_address>0x610</load_address>
         <run_address>0x610</run_address>
         <size>0x24</size>
         <alignment>0x0</alignment>
         <input_file_ref idref="fl-40"/>
      </object_component>
      <object_component id="oc-7b">
         <name>.debug_abbrev</name>
         <load_address>0x634</load_address>
         <run_address>0x634</run_address>
         <size>0x24</size>
         <alignment>0x0</alignment>
         <input_file_ref idref="fl-40"/>
      </object_component>
      <object_component id="oc-f1">
         <name>.debug_abbrev</name>
         <load_address>0x658</load_address>
         <run_address>0x658</run_address>
         <size>0x5d</size>
         <alignment>0x0</alignment>
         <input_file_ref idref="fl-41"/>
      </object_component>
      <object_component id="oc-8a">
         <name>.debug_abbrev</name>
         <load_address>0x6b5</load_address>
         <run_address>0x6b5</run_address>
         <size>0x7b</size>
         <alignment>0x0</alignment>
         <input_file_ref idref="fl-41"/>
      </object_component>
      <object_component id="oc-4b">
         <name>.debug_abbrev</name>
         <load_address>0x730</load_address>
         <run_address>0x730</run_address>
         <size>0x66</size>
         <alignment>0x0</alignment>
         <input_file_ref idref="fl-41"/>
      </object_component>
      <object_component id="oc-4f">
         <name>.debug_abbrev</name>
         <load_address>0x796</load_address>
         <run_address>0x796</run_address>
         <size>0x24</size>
         <alignment>0x0</alignment>
         <input_file_ref idref="fl-41"/>
      </object_component>
      <object_component id="oc-f6">
         <name>.debug_abbrev</name>
         <load_address>0x7ba</load_address>
         <run_address>0x7ba</run_address>
         <size>0x35</size>
         <alignment>0x0</alignment>
         <input_file_ref idref="fl-41"/>
      </object_component>
      <object_component id="oc-8f">
         <name>.debug_abbrev</name>
         <load_address>0x7ef</load_address>
         <run_address>0x7ef</run_address>
         <size>0x24</size>
         <alignment>0x0</alignment>
         <input_file_ref idref="fl-41"/>
      </object_component>
      <object_component id="oc-145">
         <name>.debug_abbrev</name>
         <load_address>0x813</load_address>
         <run_address>0x813</run_address>
         <size>0x95</size>
         <alignment>0x0</alignment>
         <input_file_ref idref="fl-48"/>
      </object_component>
      <object_component id="oc-130">
         <name>.debug_abbrev</name>
         <load_address>0x8a8</load_address>
         <run_address>0x8a8</run_address>
         <size>0x7e</size>
         <alignment>0x0</alignment>
         <input_file_ref idref="fl-48"/>
      </object_component>
      <object_component id="oc-14a">
         <name>.debug_abbrev</name>
         <load_address>0x926</load_address>
         <run_address>0x926</run_address>
         <size>0x24</size>
         <alignment>0x0</alignment>
         <input_file_ref idref="fl-48"/>
      </object_component>
      <object_component id="oc-14f">
         <name>.debug_abbrev</name>
         <load_address>0x94a</load_address>
         <run_address>0x94a</run_address>
         <size>0x24</size>
         <alignment>0x0</alignment>
         <input_file_ref idref="fl-48"/>
      </object_component>
      <object_component id="oc-104">
         <name>.debug_abbrev</name>
         <load_address>0x96e</load_address>
         <run_address>0x96e</run_address>
         <size>0x59</size>
         <alignment>0x0</alignment>
         <input_file_ref idref="fl-49"/>
      </object_component>
      <object_component id="oc-101">
         <name>.debug_abbrev</name>
         <load_address>0x9c7</load_address>
         <run_address>0x9c7</run_address>
         <size>0x29</size>
         <alignment>0x0</alignment>
         <input_file_ref idref="fl-49"/>
      </object_component>
      <object_component id="oc-103">
         <name>.debug_abbrev</name>
         <load_address>0x9f0</load_address>
         <run_address>0x9f0</run_address>
         <size>0x45</size>
         <alignment>0x0</alignment>
         <input_file_ref idref="fl-49"/>
      </object_component>
      <object_component id="oc-a9">
         <name>.debug_abbrev</name>
         <load_address>0xa35</load_address>
         <run_address>0xa35</run_address>
         <size>0x8c</size>
         <alignment>0x0</alignment>
         <input_file_ref idref="fl-49"/>
      </object_component>
      <object_component id="oc-fa">
         <name>.debug_abbrev</name>
         <load_address>0xac1</load_address>
         <run_address>0xac1</run_address>
         <size>0x80</size>
         <alignment>0x0</alignment>
         <input_file_ref idref="fl-4c"/>
      </object_component>
      <object_component id="oc-9e">
         <name>.debug_abbrev</name>
         <load_address>0xb41</load_address>
         <run_address>0xb41</run_address>
         <size>0x68</size>
         <alignment>0x0</alignment>
         <input_file_ref idref="fl-4c"/>
      </object_component>
      <object_component id="oc-ff">
         <name>.debug_abbrev</name>
         <load_address>0xba9</load_address>
         <run_address>0xba9</run_address>
         <size>0x49</size>
         <alignment>0x0</alignment>
         <input_file_ref idref="fl-4c"/>
      </object_component>
      <object_component id="oc-de">
         <name>.debug_abbrev</name>
         <load_address>0xbf2</load_address>
         <run_address>0xbf2</run_address>
         <size>0xab</size>
         <alignment>0x0</alignment>
         <input_file_ref idref="fl-51"/>
      </object_component>
      <object_component id="oc-74">
         <name>.debug_abbrev</name>
         <load_address>0xc9d</load_address>
         <run_address>0xc9d</run_address>
         <size>0x29</size>
         <alignment>0x0</alignment>
         <input_file_ref idref="fl-51"/>
      </object_component>
      <object_component id="oc-e8">
         <name>.debug_abbrev</name>
         <load_address>0xcc6</load_address>
         <run_address>0xcc6</run_address>
         <size>0x7f</size>
         <alignment>0x0</alignment>
         <input_file_ref idref="fl-51"/>
      </object_component>
      <object_component id="oc-e3">
         <name>.debug_abbrev</name>
         <load_address>0xd45</load_address>
         <run_address>0xd45</run_address>
         <size>0x24</size>
         <alignment>0x0</alignment>
         <input_file_ref idref="fl-51"/>
      </object_component>
      <object_component id="oc-195">
         <name>.debug_abbrev</name>
         <load_address>0xd69</load_address>
         <run_address>0xd69</run_address>
         <size>0x23</size>
         <alignment>0x0</alignment>
      </object_component>
      <object_component id="oc-83">
         <name>.debug_str</name>
         <load_address>0x0</load_address>
         <run_address>0x0</run_address>
         <size>0x13e</size>
         <alignment>0x0</alignment>
         <input_file_ref idref="fl-2"/>
      </object_component>
      <object_component id="oc-12c">
         <name>.debug_str</name>
         <load_address>0x13e</load_address>
         <run_address>0x13e</run_address>
         <size>0x13e</size>
         <alignment>0x0</alignment>
         <input_file_ref idref="fl-5"/>
      </object_component>
      <object_component id="oc-f0">
         <name>.debug_str</name>
         <load_address>0x27c</load_address>
         <run_address>0x27c</run_address>
         <size>0xcd</size>
         <alignment>0x0</alignment>
         <input_file_ref idref="fl-c"/>
      </object_component>
      <object_component id="oc-138">
         <name>.debug_str</name>
         <load_address>0x349</load_address>
         <run_address>0x349</run_address>
         <size>0xce</size>
         <alignment>0x0</alignment>
         <input_file_ref idref="fl-3b"/>
      </object_component>
      <object_component id="oc-144">
         <name>.debug_str</name>
         <load_address>0x417</load_address>
         <run_address>0x417</run_address>
         <size>0x122</size>
         <alignment>0x0</alignment>
         <input_file_ref idref="fl-3b"/>
      </object_component>
      <object_component id="oc-122">
         <name>.debug_str</name>
         <load_address>0x539</load_address>
         <run_address>0x539</run_address>
         <size>0x11b</size>
         <alignment>0x0</alignment>
         <input_file_ref idref="fl-3b"/>
      </object_component>
      <object_component id="oc-13d">
         <name>.debug_str</name>
         <load_address>0x654</load_address>
         <run_address>0x654</run_address>
         <size>0x162</size>
         <alignment>0x0</alignment>
         <input_file_ref idref="fl-3b"/>
      </object_component>
      <object_component id="oc-43">
         <name>.debug_str</name>
         <load_address>0x7b6</load_address>
         <run_address>0x7b6</run_address>
         <size>0xec</size>
         <alignment>0x0</alignment>
         <input_file_ref idref="fl-40"/>
      </object_component>
      <object_component id="oc-7c">
         <name>.debug_str</name>
         <load_address>0x8a2</load_address>
         <run_address>0x8a2</run_address>
         <size>0x10b</size>
         <alignment>0x0</alignment>
         <input_file_ref idref="fl-40"/>
      </object_component>
      <object_component id="oc-50">
         <name>.debug_str</name>
         <load_address>0x9ad</load_address>
         <run_address>0x9ad</run_address>
         <size>0xe7</size>
         <alignment>0x0</alignment>
         <input_file_ref idref="fl-41"/>
      </object_component>
      <object_component id="oc-f7">
         <name>.debug_str</name>
         <load_address>0xa94</load_address>
         <run_address>0xa94</run_address>
         <size>0x127</size>
         <alignment>0x0</alignment>
         <input_file_ref idref="fl-41"/>
      </object_component>
      <object_component id="oc-90">
         <name>.debug_str</name>
         <load_address>0xbbb</load_address>
         <run_address>0xbbb</run_address>
         <size>0x116</size>
         <alignment>0x0</alignment>
         <input_file_ref idref="fl-41"/>
      </object_component>
      <object_component id="oc-14b">
         <name>.debug_str</name>
         <load_address>0xcd1</load_address>
         <run_address>0xcd1</run_address>
         <size>0xbe</size>
         <alignment>0x0</alignment>
         <input_file_ref idref="fl-48"/>
      </object_component>
      <object_component id="oc-150">
         <name>.debug_str</name>
         <load_address>0xd8f</load_address>
         <run_address>0xd8f</run_address>
         <size>0x115</size>
         <alignment>0x0</alignment>
         <input_file_ref idref="fl-48"/>
      </object_component>
      <object_component id="oc-100">
         <name>.debug_str</name>
         <load_address>0xea4</load_address>
         <run_address>0xea4</run_address>
         <size>0xc6</size>
         <alignment>0x0</alignment>
         <input_file_ref idref="fl-4c"/>
      </object_component>
      <object_component id="oc-e9">
         <name>.debug_str</name>
         <load_address>0xf6a</load_address>
         <run_address>0xf6a</run_address>
         <size>0xeb</size>
         <alignment>0x0</alignment>
         <input_file_ref idref="fl-51"/>
      </object_component>
      <object_component id="oc-e4">
         <name>.debug_str</name>
         <load_address>0x1055</load_address>
         <run_address>0x1055</run_address>
         <size>0x10b</size>
         <alignment>0x0</alignment>
         <input_file_ref idref="fl-51"/>
      </object_component>
      <object_component id="oc-80">
         <name>.debug_pubtypes</name>
         <load_address>0x0</load_address>
         <run_address>0x0</run_address>
         <size>0x155</size>
         <alignment>0x0</alignment>
         <input_file_ref idref="fl-2"/>
      </object_component>
      <object_component id="oc-129">
         <name>.debug_pubtypes</name>
         <load_address>0x155</load_address>
         <run_address>0x155</run_address>
         <size>0x167</size>
         <alignment>0x0</alignment>
         <input_file_ref idref="fl-5"/>
      </object_component>
      <object_component id="oc-ed">
         <name>.debug_pubtypes</name>
         <load_address>0x2bc</load_address>
         <run_address>0x2bc</run_address>
         <size>0x1d</size>
         <alignment>0x0</alignment>
         <input_file_ref idref="fl-c"/>
      </object_component>
      <object_component id="oc-135">
         <name>.debug_pubtypes</name>
         <load_address>0x2d9</load_address>
         <run_address>0x2d9</run_address>
         <size>0x32</size>
         <alignment>0x0</alignment>
         <input_file_ref idref="fl-3b"/>
      </object_component>
      <object_component id="oc-141">
         <name>.debug_pubtypes</name>
         <load_address>0x30b</load_address>
         <run_address>0x30b</run_address>
         <size>0x30</size>
         <alignment>0x0</alignment>
         <input_file_ref idref="fl-3b"/>
      </object_component>
      <object_component id="oc-11f">
         <name>.debug_pubtypes</name>
         <load_address>0x33b</load_address>
         <run_address>0x33b</run_address>
         <size>0x2c</size>
         <alignment>0x0</alignment>
         <input_file_ref idref="fl-3b"/>
      </object_component>
      <object_component id="oc-13a">
         <name>.debug_pubtypes</name>
         <load_address>0x367</load_address>
         <run_address>0x367</run_address>
         <size>0x50</size>
         <alignment>0x0</alignment>
         <input_file_ref idref="fl-3b"/>
      </object_component>
      <object_component id="oc-40">
         <name>.debug_pubtypes</name>
         <load_address>0x3b7</load_address>
         <run_address>0x3b7</run_address>
         <size>0x48</size>
         <alignment>0x0</alignment>
         <input_file_ref idref="fl-40"/>
      </object_component>
      <object_component id="oc-79">
         <name>.debug_pubtypes</name>
         <load_address>0x3ff</load_address>
         <run_address>0x3ff</run_address>
         <size>0x1d</size>
         <alignment>0x0</alignment>
         <input_file_ref idref="fl-40"/>
      </object_component>
      <object_component id="oc-4d">
         <name>.debug_pubtypes</name>
         <load_address>0x41c</load_address>
         <run_address>0x41c</run_address>
         <size>0x44</size>
         <alignment>0x0</alignment>
         <input_file_ref idref="fl-41"/>
      </object_component>
      <object_component id="oc-f4">
         <name>.debug_pubtypes</name>
         <load_address>0x460</load_address>
         <run_address>0x460</run_address>
         <size>0x35</size>
         <alignment>0x0</alignment>
         <input_file_ref idref="fl-41"/>
      </object_component>
      <object_component id="oc-8d">
         <name>.debug_pubtypes</name>
         <load_address>0x495</load_address>
         <run_address>0x495</run_address>
         <size>0x24</size>
         <alignment>0x0</alignment>
         <input_file_ref idref="fl-41"/>
      </object_component>
      <object_component id="oc-148">
         <name>.debug_pubtypes</name>
         <load_address>0x4b9</load_address>
         <run_address>0x4b9</run_address>
         <size>0x23</size>
         <alignment>0x0</alignment>
         <input_file_ref idref="fl-48"/>
      </object_component>
      <object_component id="oc-14d">
         <name>.debug_pubtypes</name>
         <load_address>0x4dc</load_address>
         <run_address>0x4dc</run_address>
         <size>0x2b</size>
         <alignment>0x0</alignment>
         <input_file_ref idref="fl-48"/>
      </object_component>
      <object_component id="oc-fd">
         <name>.debug_pubtypes</name>
         <load_address>0x507</load_address>
         <run_address>0x507</run_address>
         <size>0x1b</size>
         <alignment>0x0</alignment>
         <input_file_ref idref="fl-4c"/>
      </object_component>
      <object_component id="oc-e6">
         <name>.debug_pubtypes</name>
         <load_address>0x522</load_address>
         <run_address>0x522</run_address>
         <size>0x26</size>
         <alignment>0x0</alignment>
         <input_file_ref idref="fl-51"/>
      </object_component>
      <object_component id="oc-e1">
         <name>.debug_pubtypes</name>
         <load_address>0x548</load_address>
         <run_address>0x548</run_address>
         <size>0x1d</size>
         <alignment>0x0</alignment>
         <input_file_ref idref="fl-51"/>
      </object_component>
      <object_component id="oc-99">
         <name>.debug_frame</name>
         <load_address>0x0</load_address>
         <run_address>0x0</run_address>
         <size>0x40</size>
         <alignment>0x4</alignment>
         <input_file_ref idref="fl-4"/>
      </object_component>
      <object_component id="oc-32">
         <name>.debug_frame</name>
         <load_address>0x40</load_address>
         <run_address>0x40</run_address>
         <size>0x38</size>
         <alignment>0x4</alignment>
         <input_file_ref idref="fl-36"/>
      </object_component>
      <object_component id="oc-88">
         <name>.debug_frame</name>
         <load_address>0x78</load_address>
         <run_address>0x78</run_address>
         <size>0x40</size>
         <alignment>0x4</alignment>
         <input_file_ref idref="fl-3a"/>
      </object_component>
      <object_component id="oc-ae">
         <name>.debug_frame</name>
         <load_address>0xb8</load_address>
         <run_address>0xb8</run_address>
         <size>0x5c</size>
         <alignment>0x4</alignment>
         <input_file_ref idref="fl-3b"/>
      </object_component>
      <object_component id="oc-6e">
         <name>.debug_frame</name>
         <load_address>0x114</load_address>
         <run_address>0x114</run_address>
         <size>0x3c</size>
         <alignment>0x4</alignment>
         <input_file_ref idref="fl-3c"/>
      </object_component>
      <object_component id="oc-107">
         <name>.debug_frame</name>
         <load_address>0x150</load_address>
         <run_address>0x150</run_address>
         <size>0x3c</size>
         <alignment>0x4</alignment>
         <input_file_ref idref="fl-3d"/>
      </object_component>
      <object_component id="oc-24">
         <name>.debug_frame</name>
         <load_address>0x18c</load_address>
         <run_address>0x18c</run_address>
         <size>0x3c</size>
         <alignment>0x4</alignment>
         <input_file_ref idref="fl-40"/>
      </object_component>
      <object_component id="oc-49">
         <name>.debug_frame</name>
         <load_address>0x1c8</load_address>
         <run_address>0x1c8</run_address>
         <size>0x68</size>
         <alignment>0x4</alignment>
         <input_file_ref idref="fl-41"/>
      </object_component>
      <object_component id="oc-2b">
         <name>.debug_frame</name>
         <load_address>0x230</load_address>
         <run_address>0x230</run_address>
         <size>0x3c</size>
         <alignment>0x4</alignment>
         <input_file_ref idref="fl-41"/>
      </object_component>
      <object_component id="oc-111">
         <name>.debug_frame</name>
         <load_address>0x26c</load_address>
         <run_address>0x26c</run_address>
         <size>0x68</size>
         <alignment>0x4</alignment>
         <input_file_ref idref="fl-48"/>
      </object_component>
      <object_component id="oc-a8">
         <name>.debug_frame</name>
         <load_address>0x2d4</load_address>
         <run_address>0x2d4</run_address>
         <size>0x3c</size>
         <alignment>0x4</alignment>
         <input_file_ref idref="fl-49"/>
      </object_component>
      <object_component id="oc-68">
         <name>.debug_frame</name>
         <load_address>0x310</load_address>
         <run_address>0x310</run_address>
         <size>0x4c</size>
         <alignment>0x4</alignment>
         <input_file_ref idref="fl-49"/>
      </object_component>
      <object_component id="oc-62">
         <name>.debug_frame</name>
         <load_address>0x35c</load_address>
         <run_address>0x35c</run_address>
[...]
            <object_component_ref idref="oc-ad"/>
            <object_component_ref idref="oc-6c"/>
            <object_component_ref idref="oc-108"/>
            <object_component_ref idref="oc-22"/>
            <object_component_ref idref="oc-48"/>
            <object_component_ref idref="oc-29"/>
            <object_component_ref idref="oc-10f"/>
            <object_component_ref idref="oc-a6"/>
            <object_component_ref idref="oc-64"/>
            <object_component_ref idref="oc-5f"/>
         </contents>
      </logical_group>
      <logical_group id="lg-183" display="never" color="cyan">
         <name>.debug_pubnames</name>
         <load_address>0x0</load_address>
         <run_address>0x0</run_address>
         <size>0x2f6</size>
         <contents>
            <object_component_ref idref="oc-9b"/>
            <object_component_ref idref="oc-3d"/>
            <object_component_ref idref="oc-35"/>
            <object_component_ref idref="oc-31"/>
            <object_component_ref idref="oc-87"/>
            <object_component_ref idref="oc-b1"/>
            <object_component_ref idref="oc-6d"/>
            <object_component_ref idref="oc-10a"/>
            <object_component_ref idref="oc-23"/>
            <object_component_ref idref="oc-47"/>
            <object_component_ref idref="oc-28"/>
            <object_component_ref idref="oc-10e"/>
            <object_component_ref idref="oc-a2"/>
            <object_component_ref idref="oc-a5"/>
            <object_component_ref idref="oc-67"/>
            <object_component_ref idref="oc-61"/>
            <object_component_ref idref="oc-38"/>
            <object_component_ref idref="oc-196"/>
         </contents>
      </logical_group>
      <load_segment id="lg-198" display="no" color="cyan">
         <name>SEGMENT_0</name>
         <load_address>0xc0000000</load_address>
         <run_address>0xc0000000</run_address>
         <size>0xa0</size>
         <flags>0x5</flags>
         <contents>
            <logical_group_ref idref="lg-2"/>
         </contents>
      </load_segment>
      <load_segment id="lg-199" display="no" color="cyan">
         <name>SEGMENT_1</name>
         <run_address>0xc0001000</run_address>
         <size>0x1000</size>
         <flags>0x6</flags>
         <contents>
            <logical_group_ref idref="lg-4"/>
            <logical_group_ref idref="lg-b"/>
         </contents>
      </load_segment>
      <load_segment id="lg-19a" display="no" color="cyan">
         <name>SEGMENT_2</name>
         <load_address>0xc0002000</load_address>
         <run_address>0xc0002000</run_address>
         <size>0x5e0</size>
         <flags>0x5</flags>
         <contents>
            <logical_group_ref idref="lg-3"/>
         </contents>
      </load_segment>
      <load_segment id="lg-19b" display="no" color="cyan">
         <name>SEGMENT_3</name>
         <run_address>0xc00025e0</run_address>
         <size>0xc</size>
         <flags>0x6</flags>
         <contents>
            <logical_group_ref idref="lg-15"/>
         </contents>
      </load_segment>
      <load_segment id="lg-19c" display="no" color="cyan">
         <name>SEGMENT_4</name>
         <load_address>0xc00025f0</load_address>
         <run_address>0xc00025f0</run_address>
         <size>0x20</size>
         <flags>0x4</flags>
         <contents>
            <logical_group_ref idref="lg-11"/>
         </contents>
      </load_segment>
   </logical_group_list>
   <placement_map>
      <memory_area display="yes" color="green">
         <name>SYSCFG0</name>
         <page_id>0x0</page_id>
         <origin>0x1c14000</origin>
         <length>0x1000</length>
         <used_space>0x0</used_space>
         <unused_space>0x1000</unused_space>
         <attributes>RWIX</attributes>
         <usage_details>
         </usage_details>
      </memory_area>
      <memory_area display="yes" color="green">
         <name>McBSP1</name>
         <page_id>0x0</page_id>
         <origin>0x1d11000</origin>
         <length>0x800</length>
         <used_space>0x0</used_space>
         <unused_space>0x800</unused_space>
         <attributes>RWIX</attributes>
         <usage_details>
         </usage_details>
      </memory_area>
      <memory_area display="yes" color="green">
         <name>uPP</name>
         <page_id>0x0</page_id>
         <origin>0x1e16000</origin>
         <length>0x1000</length>
         <used_space>0x0</used_space>
         <unused_space>0x1000</unused_space>
         <attributes>RWIX</attributes>
         <usage_details>
         </usage_details>
      </memory_area>
      <memory_area display="yes" color="green">
         <name>GPIO</name>
         <page_id>0x0</page_id>
         <origin>0x1e26000</origin>
         <length>0x1000</length>
         <used_space>0x0</used_space>
         <unused_space>0x1000</unused_space>
         <attributes>RWIX</attributes>
         <usage_details>
         </usage_details>
      </memory_area>
      <memory_area display="yes" color="green">
         <name>SHDSPL2ROM</name>
         <page_id>0x0</page_id>
         <origin>0x11700000</origin>
         <length>0x100000</length>
         <used_space>0x0</used_space>
         <unused_space>0x100000</unused_space>
         <attributes>RWIX</attributes>
         <usage_details>
         </usage_details>
      </memory_area>
      <memory_area display="yes" color="green">
         <name>SHDSPL2RAM</name>
         <page_id>0x0</page_id>
         <origin>0x11800000</origin>
         <length>0x40000</length>
         <used_space>0x0</used_space>
         <unused_space>0x40000</unused_space>
         <attributes>RWIX</attributes>
         <usage_details>
         </usage_details>
      </memory_area>
      <memory_area display="yes" color="green">
         <name>SHDSPL1PRAM</name>
         <page_id>0x0</page_id>
         <origin>0x11e00000</origin>
         <length>0x8000</length>
         <used_space>0x0</used_space>
         <unused_space>0x8000</unused_space>
         <attributes>RWIX</attributes>
         <usage_details>
         </usage_details>
      </memory_area>
      <memory_area display="yes" color="green">
         <name>SHDSPL1DRAM</name>
         <page_id>0x0</page_id>
         <origin>0x11f00000</origin>
         <length>0x8000</length>
         <used_space>0x0</used_space>
         <unused_space>0x8000</unused_space>
         <attributes>RWIX</attributes>
         <usage_details>
         </usage_details>
      </memory_area>
      <memory_area display="yes" color="green">
         <name>EMIFACS0</name>
         <page_id>0x0</page_id>
         <origin>0x40000000</origin>
         <length>0x20000000</length>
         <used_space>0x0</used_space>
         <unused_space>0x20000000</unused_space>
         <attributes>RWIX</attributes>
         <usage_details>
         </usage_details>
      </memory_area>
      <memory_area display="yes" color="green">
         <name>EMIFACS2</name>
         <page_id>0x0</page_id>
         <origin>0x60000000</origin>
         <length>0x2000000</length>
         <used_space>0x0</used_space>
         <unused_space>0x2000000</unused_space>
         <attributes>RWIX</attributes>
         <usage_details>
         </usage_details>
      </memory_area>
      <memory_area display="yes" color="green">
         <name>EMIFACS3</name>
         <page_id>0x0</page_id>
         <origin>0x62000000</origin>
         <length>0x2000000</length>
         <used_space>0x0</used_space>
         <unused_space>0x2000000</unused_space>
         <attributes>RWIX</attributes>
         <usage_details>
         </usage_details>
      </memory_area>
      <memory_area display="yes" color="green">
         <name>EMIFACS4</name>
         <page_id>0x0</page_id>
         <origin>0x64000000</origin>
         <length>0x2000000</length>
         <used_space>0x0</used_space>
         <unused_space>0x2000000</unused_space>
         <attributes>RWIX</attributes>
         <usage_details>
         </usage_details>
      </memory_area>
      <memory_area display="yes" color="green">
         <name>EMIFACS5</name>
         <page_id>0x0</page_id>
         <origin>0x66000000</origin>
         <length>0x2000000</length>
         <used_space>0x0</used_space>
         <unused_space>0x2000000</unused_space>
         <attributes>RWIX</attributes>
         <usage_details>
         </usage_details>
      </memory_area>
      <memory_area display="yes" color="green">
         <name>SHRAM</name>
         <page_id>0x0</page_id>
         <origin>0x80000000</origin>
         <length>0x20000</length>
         <used_space>0x0</used_space>
         <unused_space>0x20000</unused_space>
         <attributes>RWIX</attributes>
         <usage_details>
         </usage_details>
      </memory_area>
      <memory_area display="yes" color="green">
         <name>EntryPoint</name>
         <page_id>0x0</page_id>
         <origin>0xc0000000</origin>
         <length>0x800</length>
         <used_space>0xa0</used_space>
         <unused_space>0x760</unused_space>
         <attributes>RWIX</attributes>
         <usage_details>
            <allocated_space>
               <start_address>0xc0000000</start_address>
               <size>0xa0</size>
               <logical_group_ref idref="lg-2"/>
            </allocated_space>
            <available_space>
               <start_address>0xc00000a0</start_address>
               <size>0x760</size>
            </available_space>
         </usage_details>
      </memory_area>
      <memory_area display="yes" color="green">
         <name>Vector</name>
         <page_id>0x0</page_id>
         <origin>0xc0000800</origin>
         <length>0x800</length>
         <used_space>0x0</used_space>
         <unused_space>0x800</unused_space>
         <attributes>RWIX</attributes>
         <usage_details>
         </usage_details>
      </memory_area>
      <memory_area display="yes" color="green">
         <name>DDR2</name>
         <page_id>0x0</page_id>
         <origin>0xc0001000</origin>
         <length>0x8000000</length>
         <used_space>0x160c</used_space>
         <unused_space>0x7ffe9f4</unused_space>
         <attributes>RWIX</attributes>
         <usage_details>
            <allocated_space>
               <start_address>0xc0001000</start_address>
               <size>0x800</size>
               <logical_group_ref idref="lg-4"/>
            </allocated_space>
            <allocated_space>
               <start_address>0xc0001800</start_address>
               <size>0x800</size>
               <logical_group_ref idref="lg-b"/>
            </allocated_space>
            <allocated_space>
               <start_address>0xc0002000</start_address>
               <size>0x5e0</size>
               <logical_group_ref idref="lg-3"/>
            </allocated_space>
            <allocated_space>
               <start_address>0xc00025e0</start_address>
               <size>0xc</size>
               <logical_group_ref idref="lg-15"/>
            </allocated_space>
            <available_space>
               <start_address>0xc00025ec</start_address>
               <size>0x4</size>
            </available_space>
            <allocated_space>
               <start_address>0xc00025f0</start_address>
               <size>0x20</size>
               <logical_group_ref idref="lg-11"/>
            </allocated_space>
            <available_space>
               <start_address>0xc0002610</start_address>
               <size>0x7ffe9f0</size>
            </available_space>
         </usage_details>
      </memory_area>
      <memory_area display="yes" color="green">
         <name>ARMROM</name>
         <page_id>0x0</page_id>
         <origin>0xfffd0000</origin>
         <length>0x10000</length>
         <used_space>0x0</used_space>
         <unused_space>0x10000</unused_space>
         <attributes>RWIX</attributes>
         <usage_details>
         </usage_details>
      </memory_area>
      <memory_area display="yes" color="green">
         <name>ARMRAM</name>
         <page_id>0x0</page_id>
         <origin>0xffff0000</origin>
         <length>0x2000</length>
         <used_space>0x0</used_space>
         <unused_space>0x2000</unused_space>
         <attributes>RWIX</attributes>
         <usage_details>
         </usage_details>
      </memory_area>
   </placement_map>
   <cptbl_list>
      <cptbl>
         <name>__TI_cinit_table</name>
         <cprec>
            <name>.fardata</name>
            <load_address>0xc00025f0</load_address>
            <load_size>0xd</load_size>
            <run_address>0xc00025e0</run_address>
            <run_size>0xc</run_size>
            <compression>rle</compression>
         </cprec>
      </cptbl>
   </cptbl_list>
   <handler_table>
      <handler_table_name>__TI_handler_table</handler_table_name>
      <handler>
         <index>0x0</index>
         <name>__TI_decompress_rle24</name>
      </handler>
      <handler>
         <index>0x1</index>
         <name>__TI_decompress_none</name>
      </handler>
   </handler_table>
   <far_call_trampoline_list>
      <far_call_trampoline>
         <callee_name>$.text:_system_pre_init:rts6740_elf.lib&lt;pre_init.c.obj&gt;$0x0</callee_name>
         <callee_addr>0xc0002540</callee_addr>
         <trampoline_object_component_ref idref="oc-18e"/>
         <trampoline_address>0xc0000080</trampoline_address>
         <caller_list>
            <trampoline_call_site>
               <caller_address>0xc0000020</caller_address>
               <caller_object_component_ref idref="oc-2d-a"/>
            </trampoline_call_site>
         </caller_list>
      </far_call_trampoline>
      <far_call_trampoline>
         <callee_name>$.text:__TI_auto_init_nobinit_nopinit:__TI_auto_init_nobinit_nopinit:rts6740_elf.lib&lt;autoinit.c.obj&gt;$0x0</callee_name>
         <callee_addr>0xc00022c0</callee_addr>
         <trampoline_object_component_ref idref="oc-18f"/>
         <trampoline_address>0xc0000090</trampoline_address>
         <caller_list>
            <trampoline_call_site>
               <caller_address>0xc0000030</caller_address>
               <caller_object_component_ref idref="oc-2d-a"/>
            </trampoline_call_site>
         </caller_list>
      </far_call_trampoline>
   </far_call_trampoline_list>
   <trampoline_count>0x2</trampoline_count>
   <trampoline_call_count>0x2</trampoline_call_count>
   <symbol_table>
      <symbol id="sm-1">
         <name>__TI_CINIT_Base</name>
         <value>0xc0002608</value>
      </symbol>
      <symbol id="sm-2">
         <name>__TI_CINIT_Limit</name>
         <value>0xc0002610</value>
      </symbol>
      <symbol id="sm-3">
         <name>__TI_CINIT_Warm</name>
         <value>0xc0002610</value>
      </symbol>
      <symbol id="sm-4">
         <name>__TI_Handler_Table_Base</name>
         <value>0xc0002600</value>
      </symbol>
      <symbol id="sm-5">
         <name>__TI_Handler_Table_Limit</name>
         <value>0xc0002608</value>
      </symbol>
      <symbol id="sm-6">
         <name>binit</name>
         <value>0xffffffff</value>
      </symbol>
      <symbol id="sm-7">
         <name>__binit__</name>
         <value>0xffffffff</value>
      </symbol>
      <symbol id="sm-8">
         <name>__TI_STACK_SIZE</name>
         <value>0x800</value>
      </symbol>
      <symbol id="sm-9">
         <name>__TI_STACK_END</name>
         <value>0xc0001800</value>
      </symbol>
      <symbol id="sm-a">
         <name>__TI_SYSMEM_SIZE</name>
         <value>0x800</value>
      </symbol>
      <symbol id="sm-b">
         <name>__c_args__</name>
         <value>0xffffffff</value>
      </symbol>
      <symbol id="sm-c">
         <name>__TI_pprof_out_hndl</name>
         <value>0xffffffff</value>
      </symbol>
      <symbol id="sm-d">
         <name>__TI_prof_data_start</name>
         <value>0xffffffff</value>
      </symbol>
      <symbol id="sm-e">
         <name>__TI_prof_data_size</name>
         <value>0xffffffff</value>
      </symbol>
      <symbol id="sm-43">
         <name>main</name>
         <value>0xc00025c0</value>
         <object_component_ref idref="oc-98"/>
      </symbol>
      <symbol id="sm-67">
         <name>memcpy</name>
         <value>0xc0002440</value>
         <object_component_ref idref="oc-39"/>
      </symbol>
      <symbol id="sm-7e">
         <name>_c_int00</name>
         <value>0xc0000000</value>
         <object_component_ref idref="oc-2d"/>
      </symbol>
      <symbol id="sm-7f">
         <name>_stack</name>
         <value>0xc0001000</value>
         <object_component_ref idref="oc-33"/>
      </symbol>
      <symbol id="sm-92">
         <name>memset</name>
         <value>0xc00021e0</value>
         <object_component_ref idref="oc-84"/>
      </symbol>
      <symbol id="sm-b7">
         <name>__TI_auto_init_nobinit_nopinit</name>
         <value>0xc00022c0</value>
         <object_component_ref idref="oc-ac"/>
      </symbol>
      <symbol id="sm-c1">
         <name>_system_pre_init</name>
         <value>0xc0002540</value>
         <object_component_ref idref="oc-69"/>
      </symbol>
      <symbol id="sm-cb">
         <name>_system_post_cinit</name>
         <value>0xc0002520</value>
         <object_component_ref idref="oc-106"/>
      </symbol>
      <symbol id="sm-e4">
         <name>__TI_decompress_none</name>
         <value>0xc0002580</value>
         <object_component_ref idref="oc-20"/>
      </symbol>
      <symbol id="sm-10f">
         <name>__TI_decompress_rle24</name>
         <value>0xc00025a0</value>
         <object_component_ref idref="oc-26"/>
      </symbol>
      <symbol id="sm-12e">
         <name>__TI_tls_init</name>
         <value>0xc0002380</value>
         <object_component_ref idref="oc-10c"/>
      </symbol>
      <symbol id="sm-14f">
         <name>C$$EXIT</name>
         <value>0xc0002560</value>
         <object_component_ref idref="oc-a3"/>
      </symbol>
      <symbol id="sm-150">
         <name>abort</name>
         <value>0xc0002560</value>
         <object_component_ref idref="oc-a3"/>
      </symbol>
      <symbol id="sm-151">
         <name>exit</name>
         <value>0xc0002100</value>
         <object_component_ref idref="oc-63"/>
      </symbol>
      <symbol id="sm-152">
         <name>__TI_dtors_ptr</name>
         <value>0xc00025e4</value>
         <object_component_ref idref="oc-a0"/>
      </symbol>
      <symbol id="sm-153">
         <name>__TI_cleanup_ptr</name>
         <value>0xc00025e0</value>
         <object_component_ref idref="oc-a0"/>
      </symbol>
      <symbol id="sm-154">
         <name>__TI_enable_exit_profile_output</name>
         <value>0xc00025e8</value>
         <object_component_ref idref="oc-a0"/>
      </symbol>
      <symbol id="sm-168">
         <name>_args_main</name>
         <value>0xc00024e0</value>
         <object_component_ref idref="oc-5d"/>
      </symbol>
      <symbol id="sm-180">
         <name>_sys_memory</name>
         <value>0xc0001800</value>
         <object_component_ref idref="oc-36"/>
      </symbol>
      <symbol id="sm-19b">
         <name>__TI_STATIC_BASE</name>
         <value>0x0</value>
      </symbol>
      <symbol id="sm-19f">
         <name>__TI_TLS_INIT_Base</name>
         <value>0x0</value>
      </symbol>
      <symbol id="sm-1a0">
         <name>__TI_TLS_INIT_Limit</name>
         <value>0x0</value>
      </symbol>
   </symbol_table>
   <title>Link successful</title>
</link_info>
